Component: ARM Compiler 5.06 update 7 (build 960) Tool: armlink [4d3601]

==============================================================================

Section Cross References

    main.o(.text) refers to fmul.o(.text) for __aeabi_fmul
    main.o(.text) refers to fdiv.o(.text) for __aeabi_fdiv
    main.o(.text) refers to f2d.o(.text) for __aeabi_f2d
    main.o(.text) refers to dmul.o(.text) for __aeabi_dmul
    main.o(.text) refers to d2f.o(.text) for __aeabi_d2f
    main.o(.text) refers to fadd.o(.text) for __aeabi_fadd
    main.o(.text) refers to wp_motor.o(.text) for Motor_SetSpeed
    main.o(.text) refers to wp_sys.o(.text) for WPB_Init
    main.o(.text) refers to wp_adc.o(.text) for Sensor_Distance
    main.o(.text) refers to wp_oled.o(.text) for OLED_Int
    main.o(.text) refers to wp_globle.o(.text) for DelayMs
    main.o(.text) refers to main.o(.data) for Pi
    main.o(.text) refers to main.o(.bss) for Distance
    stm32f10x_adc.o(.text) refers to stm32f10x_rcc.o(.text) for RCC_APB2PeriphResetCmd
    stm32f10x_bkp.o(.text) refers to stm32f10x_rcc.o(.text) for RCC_BackupResetCmd
    stm32f10x_can.o(.text) refers to stm32f10x_rcc.o(.text) for RCC_APB1PeriphResetCmd
    stm32f10x_cec.o(.text) refers to stm32f10x_rcc.o(.text) for RCC_APB1PeriphResetCmd
    stm32f10x_dac.o(.text) refers to stm32f10x_rcc.o(.text) for RCC_APB1PeriphResetCmd
    stm32f10x_gpio.o(.text) refers to stm32f10x_rcc.o(.text) for RCC_APB2PeriphResetCmd
    stm32f10x_i2c.o(.text) refers to stm32f10x_rcc.o(.text) for RCC_APB1PeriphResetCmd
    stm32f10x_pwr.o(.text) refers to stm32f10x_rcc.o(.text) for RCC_APB1PeriphResetCmd
    stm32f10x_rcc.o(.text) refers to stm32f10x_rcc.o(.data) for APBAHBPrescTable
    stm32f10x_spi.o(.text) refers to stm32f10x_rcc.o(.text) for RCC_APB2PeriphResetCmd
    stm32f10x_tim.o(.text) refers to stm32f10x_rcc.o(.text) for RCC_APB2PeriphResetCmd
    stm32f10x_usart.o(.text) refers to stm32f10x_rcc.o(.text) for RCC_APB2PeriphResetCmd
    stm32f10x_wwdg.o(.text) refers to stm32f10x_rcc.o(.text) for RCC_APB1PeriphResetCmd
    system_stm32f10x.o(.text) refers to system_stm32f10x.o(.data) for SystemCoreClock
    inv_mpu.o(.text) refers to wp_iic.o(.text) for i2cwrite
    inv_mpu.o(.text) refers to wp_globle.o(.text) for delay_ms
    inv_mpu.o(.text) refers to inv_mpu.o(.data) for st
    inv_mpu.o(.text) refers to wp_uart.o(.text) for Wp_Usart1_SendStr
    inv_mpu.o(.text) refers to ffltui.o(.text) for __aeabi_ui2f
    inv_mpu.o(.text) refers to fflti.o(.text) for __aeabi_i2f
    inv_mpu.o(.text) refers to fadd.o(.text) for __aeabi_fsub
    inv_mpu.o(.text) refers to fdiv.o(.text) for __aeabi_fdiv
    inv_mpu.o(.text) refers to fmul.o(.text) for __aeabi_fmul
    inv_mpu.o(.text) refers to ffixi.o(.text) for __aeabi_f2iz
    inv_mpu.o(.text) refers to inv_mpu.o(.conststring) for .conststring
    inv_mpu.o(.text) refers to cfcmple.o(.text) for __aeabi_cfcmpeq
    inv_mpu.o(.text) refers to cfrcmple.o(.text) for __aeabi_cfrcmple
    inv_mpu.o(.text) refers to inv_mpu.o(.constdata) for test
    inv_mpu.o(.text) refers to ldiv.o(.text) for __aeabi_ldivmod
    inv_mpu.o(.text) refers to memcmp.o(.text) for memcmp
    inv_mpu.o(.data) refers to inv_mpu.o(.constdata) for reg
    inv_mpu_dmp_motion_driver.o(.text) refers to inv_mpu.o(.text) for mpu_load_firmware
    inv_mpu_dmp_motion_driver.o(.text) refers to inv_mpu_dmp_motion_driver.o(.constdata) for dmp_memory
    inv_mpu_dmp_motion_driver.o(.text) refers to inv_mpu_dmp_motion_driver.o(.bss) for dmp
    inv_mpu_dmp_motion_driver.o(.text) refers to ffltui.o(.text) for __aeabi_ui2f
    inv_mpu_dmp_motion_driver.o(.text) refers to fdiv.o(.text) for __aeabi_fdiv
    inv_mpu_dmp_motion_driver.o(.text) refers to fmul.o(.text) for __aeabi_fmul
    inv_mpu_dmp_motion_driver.o(.text) refers to ffixui.o(.text) for __aeabi_f2uiz
    inv_mpu_dmp_motion_driver.o(.text) refers to memseta.o(.text) for __aeabi_memset
    inv_mpu_dmp_motion_driver.o(.text) refers to wp_globle.o(.text) for get_ms
    queue.o(.text) refers to malloc.o(i.malloc) for malloc
    wp_25f16.o(.text) refers to wp_globle.o(.data) for exflashid
    wp_25f16.o(.text) refers to stm32f10x_rcc.o(.text) for RCC_APB2PeriphClockCmd
    wp_25f16.o(.text) refers to stm32f10x_gpio.o(.text) for GPIO_Init
    wp_25f16.o(.text) refers to stm32f10x_spi.o(.text) for SPI_Cmd
    wp_adc.o(.text) refers to stm32f10x_rcc.o(.text) for RCC_AHBPeriphClockCmd
    wp_adc.o(.text) refers to stm32f10x_dma.o(.text) for DMA_DeInit
    wp_adc.o(.text) refers to stm32f10x_gpio.o(.text) for GPIO_Init
    wp_adc.o(.text) refers to stm32f10x_adc.o(.text) for ADC_Init
    wp_adc.o(.text) refers to ffltui.o(.text) for __aeabi_ui2f
    wp_adc.o(.text) refers to f2d.o(.text) for __aeabi_f2d
    wp_adc.o(.text) refers to dmul.o(.text) for __aeabi_dmul
    wp_adc.o(.text) refers to ddiv.o(.text) for __aeabi_ddiv
    wp_adc.o(.text) refers to d2f.o(.text) for __aeabi_d2f
    wp_adc.o(.text) refers to dadd.o(.text) for __aeabi_dadd
[...]
    atanlo                                   0x0800b418   Data          32  atan.o(.constdata)
    aTodd                                    0x0800b438   Data          40  atan.o(.constdata)
    aTeven                                   0x0800b460   Data          48  atan.o(.constdata)
    .constdata                               0x0800b490   Section        8  qnan.o(.constdata)
    .conststring                             0x0800b498   Section       77  inv_mpu.o(.conststring)
    .conststring                             0x0800b4e8   Section        9  wp_globle.o(.conststring)
    .data                                    0x20000000   Section       28  main.o(.data)
    gyro_orientation                         0x20000000   Data           9  main.o(.data)
    .data                                    0x2000001c   Section       20  stm32f10x_rcc.o(.data)
    APBAHBPrescTable                         0x2000001c   Data          16  stm32f10x_rcc.o(.data)
    ADCPrescTable                            0x2000002c   Data           4  stm32f10x_rcc.o(.data)
    .data                                    0x20000030   Section       20  system_stm32f10x.o(.data)
    .data                                    0x20000044   Section       44  inv_mpu.o(.data)
    st                                       0x20000044   Data          44  inv_mpu.o(.data)
    .data                                    0x20000070   Section        1  wp_adc.o(.data)
    i                                        0x20000070   Data           1  wp_adc.o(.data)
    .data                                    0x20000074   Section      112  wp_globle.o(.data)
    .data                                    0x200000e4   Section        2  wp_gpio.o(.data)
    i                                        0x200000e4   Data           1  wp_gpio.o(.data)
    j                                        0x200000e5   Data           1  wp_gpio.o(.data)
    .data                                    0x200000e6   Section        1  wp_motor.o(.data)
    count                                    0x200000e6   Data           1  wp_motor.o(.data)
    .data                                    0x200000e8   Section       16  wp_mpu6050.o(.data)
    gyro_orientation                         0x200000e8   Data           9  wp_mpu6050.o(.data)
    .data                                    0x200000f8   Section       14  wp_oled.o(.data)
    int_minus                                0x200000f8   Data           1  wp_oled.o(.data)
    mul                                      0x200000fc   Data           4  wp_oled.o(.data)
    i                                        0x20000100   Data           2  wp_oled.o(.data)
    index                                    0x20000102   Data           2  wp_oled.o(.data)
    minus                                    0x20000104   Data           1  wp_oled.o(.data)
    s_bClearScreen                           0x20000105   Data           1  wp_oled.o(.data)
    .data                                    0x20000106   Section       36  wp_pwm.o(.data)
    .data                                    0x2000012c   Section       22  wp_sys.o(.data)
    gyro_orientation                         0x2000012c   Data           9  wp_sys.o(.data)
    User_Uart_Baud                           0x20000138   Data           4  wp_sys.o(.data)
    i                                        0x2000013c   Data           1  wp_sys.o(.data)
    j                                        0x2000013e   Data           2  wp_sys.o(.data)
    k                                        0x20000140   Data           1  wp_sys.o(.data)
    h                                        0x20000141   Data           1  wp_sys.o(.data)
    .data                                    0x20000142   Section       32  wp_timer.o(.data)
    .data                                    0x20000164   Section        4  mvars.o(.data)
    .data                                    0x20000168   Section        4  mvars.o(.data)
    .data                                    0x2000016c   Section        4  errno.o(.data)
    _errno                                   0x2000016c   Data           4  errno.o(.data)
    .bss                                     0x20000170   Section       32  main.o(.bss)
    hal                                      0x20000170   Data          14  main.o(.bss)
    .bss                                     0x20000190   Section       16  inv_mpu_dmp_motion_driver.o(.bss)
    dmp                                      0x20000190   Data          16  inv_mpu_dmp_motion_driver.o(.bss)
    .bss                                     0x200001a0   Section       48  queue.o(.bss)
    .bss                                     0x200001d0   Section      244  wp_globle.o(.bss)
    .bss                                     0x200002c4   Section      128  wp_motor.o(.bss)
    .bss                                     0x20000344   Section       64  wp_mpu6050.o(.bss)
    hal                                      0x20000344   Data          14  wp_mpu6050.o(.bss)
    .bss                                     0x20000384   Section       16  wp_pwm.o(.bss)
    .bss                                     0x20000394   Section       16  wp_timer.o(.bss)
    HEAP                                     0x200003a8   Section      512  startup_stm32f10x_hd.o(HEAP)
    STACK                                    0x200005a8   Section     1024  startup_stm32f10x_hd.o(STACK)

    Global Symbols

    Symbol Name                              Value     Ov Type        Size  Object(Section)

    BuildAttributes$$THM_ISAv4$P$D$K$B$S$PE$A:L22UL41UL21$X:L11$S22US41US21$IEEE1$IW$USESV6$~STKCKD$USESV7$~SHL$OTIME$ROPI$IEEEX$EBA8$MICROLIB$REQ8$PRES8$EABIv2 0x00000000   Number         0  anon$$obj.o ABSOLUTE
    __ARM_use_no_argv                        0x00000000   Number         0  main.o ABSOLUTE
    __arm_fini_                               - Undefined Weak Reference
    __cpp_initialize__aeabi_                  - Undefined Weak Reference
    __cxa_finalize                            - Undefined Weak Reference
    _clock_init                               - Undefined Weak Reference
    _microlib_exit                            - Undefined Weak Reference
    __Vectors_Size                           0x00000130   Number         0  startup_stm32f10x_hd.o ABSOLUTE
    __Vectors                                0x08000000   Data           4  startup_stm32f10x_hd.o(RESET)
    __Vectors_End                            0x08000130   Data           0  startup_stm32f10x_hd.o(RESET)
    __main                                   0x08000131   Thumb Code     0  entry.o(.ARM.Collect$$$$00000000)
    _main_stk                                0x08000131   Thumb Code     0  entry2.o(.ARM.Collect$$$$00000001)
    _main_scatterload                        0x08000135   Thumb Code     0  entry5.o(.ARM.Collect$$$$00000004)
    __main_after_scatterload                 0x08000139   Thumb Code     0  entry5.o(.ARM.Collect$$$$00000004)
    _main_clock                              0x08000139   Thumb Code     0  entry7b.o(.ARM.Collect$$$$00000008)
    _main_cpp_init                           0x08000139   Thumb Code     0  entry8b.o(.ARM.Collect$$$$0000000A)
    _main_init                               0x08000139   Thumb Code     0  entry9a.o(.ARM.Collect$$$$0000000B)
    __rt_lib_shutdown_fini                   0x08000141   Thumb Code     0  entry12b.o(.ARM.Collect$$$$0000000E)
    __rt_final_cpp                           0x08000145   Thumb Code     0  entry10a.o(.ARM.Collect$$$$0000000F)
    __rt_final_exit                          0x08000145   Thumb Code     0  entry11a.o(.ARM.Collect$$$$00000011)
    FourWD                                   0x08000149   Thumb Code   228  main.o(.text)
    main                                     0x0800022d   Thumb Code   188  main.o(.text)
    NVIC_PriorityGroupConfig                 0x08000315   Thumb Code    10  misc.o(.text)
    NVIC_Init                                0x0800031f   Thumb Code   100  misc.o(.text)
    NVIC_SetVectorTable                      0x08000383   Thumb Code    14  misc.o(.text)
    NVIC_SystemLPConfig                      0x08000391   Thumb Code    34  misc.o(.text)
    SysTick_CLKSourceConfig                  0x080003b3   Thumb Code    40  misc.o(.text)
    ADC_DeInit                               0x080003f1   Thumb Code    78  stm32f10x_adc.o(.text)
    ADC_Init                                 0x0800043f   Thumb Code    70  stm32f10x_adc.o(.text)
    ADC_StructInit                           0x08000485   Thumb Code    18  stm32f10x_adc.o(.text)
    ADC_Cmd                                  0x08000497   Thumb Code    22  stm32f10x_adc.o(.text)
    ADC_DMACmd                               0x080004ad   Thumb Code    22  stm32f10x_adc.o(.text)
    ADC_ITConfig                             0x080004c3   Thumb Code    24  stm32f10x_adc.o(.text)
    ADC_ResetCalibration                     0x080004db   Thumb Code    10  stm32f10x_adc.o(.text)
    ADC_GetResetCalibrationStatus            0x080004e5   Thumb Code    20  stm32f10x_adc.o(.text)
    ADC_StartCalibration                     0x080004f9   Thumb Code    10  stm32f10x_adc.o(.text)
    ADC_GetCalibrationStatus                 0x08000503   Thumb Code    20  stm32f10x_adc.o(.text)
    ADC_SoftwareStartConvCmd                 0x08000517   Thumb Code    22  stm32f10x_adc.o(.text)
    ADC_GetSoftwareStartConvStatus           0x0800052d   Thumb Code    20  stm32f10x_adc.o(.text)
    ADC_DiscModeChannelCountConfig           0x08000541   Thumb Code    24  stm32f10x_adc.o(.text)
    ADC_DiscModeCmd                          0x08000559   Thumb Code    22  stm32f10x_adc.o(.text)
    ADC_RegularChannelConfig                 0x0800056f   Thumb Code   184  stm32f10x_adc.o(.text)
    ADC_ExternalTrigConvCmd                  0x08000627   Thumb Code    22  stm32f10x_adc.o(.text)
    ADC_GetConversionValue                   0x0800063d   Thumb Code     8  stm32f10x_adc.o(.text)
    ADC_GetDualModeConversionValue           0x08000645   Thumb Code     8  stm32f10x_adc.o(.text)
    ADC_AutoInjectedConvCmd                  0x0800064d   Thumb Code    22  stm32f10x_adc.o(.text)
    ADC_InjectedDiscModeCmd                  0x08000663   Thumb Code    22  stm32f10x_adc.o(.text)
    ADC_ExternalTrigInjectedConvConfig       0x08000679   Thumb Code    16  stm32f10x_adc.o(.text)
    ADC_ExternalTrigInjectedConvCmd          0x08000689   Thumb Code    22  stm32f10x_adc.o(.text)
    ADC_SoftwareStartInjectedConvCmd         0x0800069f   Thumb Code    22  stm32f10x_adc.o(.text)
    ADC_GetSoftwareStartInjectedConvCmdStatus 0x080006b5   Thumb Code    20  stm32f10x_adc.o(.text)
    ADC_InjectedChannelConfig                0x080006c9   Thumb Code   130  stm32f10x_adc.o(.text)
    ADC_InjectedSequencerLengthConfig        0x0800074b   Thumb Code    24  stm32f10x_adc.o(.text)
    ADC_SetInjectedOffset                    0x08000763   Thumb Code    20  stm32f10x_adc.o(.text)
    ADC_GetInjectedConversionValue           0x08000777   Thumb Code    28  stm32f10x_adc.o(.text)
    ADC_AnalogWatchdogCmd                    0x08000793   Thumb Code    16  stm32f10x_adc.o(.text)
    ADC_AnalogWatchdogThresholdsConfig       0x080007a3   Thumb Code     6  stm32f10x_adc.o(.text)
    ADC_AnalogWatchdogSingleChannelConfig    0x080007a9   Thumb Code    16  stm32f10x_adc.o(.text)
    ADC_TempSensorVrefintCmd                 0x080007b9   Thumb Code    64  stm32f10x_adc.o(.text)
    ADC_GetFlagStatus                        0x080007f9   Thumb Code    18  stm32f10x_adc.o(.text)
    ADC_ClearFlag                            0x0800080b   Thumb Code     6  stm32f10x_adc.o(.text)
    ADC_GetITStatus                          0x08000811   Thumb Code    36  stm32f10x_adc.o(.text)
    ADC_ClearITPendingBit                    0x08000835   Thumb Code    10  stm32f10x_adc.o(.text)
    DMA_DeInit                               0x08000841   Thumb Code   324  stm32f10x_dma.o(.text)
    DMA_Init                                 0x08000985   Thumb Code    60  stm32f10x_dma.o(.text)
    DMA_StructInit                           0x080009c1   Thumb Code    26  stm32f10x_dma.o(.text)
    DMA_Cmd                                  0x080009db   Thumb Code    24  stm32f10x_dma.o(.text)
    DMA_ITConfig                             0x080009f3   Thumb Code    18  stm32f10x_dma.o(.text)
    DMA_SetCurrDataCounter                   0x08000a05   Thumb Code     4  stm32f10x_dma.o(.text)
    DMA_GetCurrDataCounter                   0x08000a09   Thumb Code     8  stm32f10x_dma.o(.text)
    DMA_GetFlagStatus                        0x08000a11   Thumb Code    40  stm32f10x_dma.o(.text)
    DMA_ClearFlag                            0x08000a39   Thumb Code    22  stm32f10x_dma.o(.text)
    DMA_GetITStatus                          0x08000a4f   Thumb Code    40  stm32f10x_dma.o(.text)
    DMA_ClearITPendingBit                    0x08000a77   Thumb Code    22  stm32f10x_dma.o(.text)
    EXTI_DeInit                              0x08000a95   Thumb Code    28  stm32f10x_exti.o(.text)
    EXTI_Init                                0x08000ab1   Thumb Code   142  stm32f10x_exti.o(.text)
    EXTI_StructInit                          0x08000b3f   Thumb Code    16  stm32f10x_exti.o(.text)
    EXTI_GenerateSWInterrupt                 0x08000b4f   Thumb Code    16  stm32f10x_exti.o(.text)
    EXTI_GetFlagStatus                       0x08000b5f   Thumb Code    22  stm32f10x_exti.o(.text)
    EXTI_ClearFlag                           0x08000b75   Thumb Code     8  stm32f10x_exti.o(.text)
    EXTI_GetITStatus                         0x08000b7d   Thumb Code    34  stm32f10x_exti.o(.text)
    EXTI_ClearITPendingBit                   0x08000b9f   Thumb Code     8  stm32f10x_exti.o(.text)
    GPIO_DeInit                              0x08000bb1   Thumb Code   172  stm32f10x_gpio.o(.text)
    GPIO_AFIODeInit                          0x08000c5d   Thumb Code    20  stm32f10x_gpio.o(.text)
    GPIO_Init                                0x08000c71   Thumb Code   278  stm32f10x_gpio.o(.text)
    GPIO_StructInit                          0x08000d87   Thumb Code    16  stm32f10x_gpio.o(.text)
    GPIO_ReadInputDataBit                    0x08000d97   Thumb Code    18  stm32f10x_gpio.o(.text)
    GPIO_ReadInputData                       0x08000da9   Thumb Code     8  stm32f10x_gpio.o(.text)
    GPIO_ReadOutputDataBit                   0x08000db1   Thumb Code    18  stm32f10x_gpio.o(.text)
    GPIO_ReadOutputData                      0x08000dc3   Thumb Code     8  stm32f10x_gpio.o(.text)
    GPIO_SetBits                             0x08000dcb   Thumb Code     4  stm32f10x_gpio.o(.text)
    GPIO_ResetBits                           0x08000dcf   Thumb Code     4  stm32f10x_gpio.o(.text)
    GPIO_WriteBit                            0x08000dd3   Thumb Code    10  stm32f10x_gpio.o(.text)
    GPIO_Write                               0x08000ddd   Thumb Code     4  stm32f10x_gpio.o(.text)
    GPIO_PinLockConfig                       0x08000de1   Thumb Code    18  stm32f10x_gpio.o(.text)
    GPIO_EventOutputConfig                   0x08000df3   Thumb Code    26  stm32f10x_gpio.o(.text)
    GPIO_EventOutputCmd                      0x08000e0d   Thumb Code     6  stm32f10x_gpio.o(.text)
    GPIO_PinRemapConfig                      0x08000e13   Thumb Code   138  stm32f10x_gpio.o(.text)
    GPIO_EXTILineConfig                      0x08000e9d   Thumb Code    66  stm32f10x_gpio.o(.text)
    GPIO_ETH_MediaInterfaceConfig            0x08000edf   Thumb Code     8  stm32f10x_gpio.o(.text)
    RCC_DeInit                               0x08000f0d   Thumb Code    64  stm32f10x_rcc.o(.text)
    RCC_HSEConfig                            0x08000f4d   Thumb Code    70  stm32f10x_rcc.o(.text)
    RCC_GetFlagStatus                        0x08000f93   Thumb Code    56  stm32f10x_rcc.o(.text)
    RCC_WaitForHSEStartUp                    0x08000fcb   Thumb Code    56  stm32f10x_rcc.o(.text)
    RCC_AdjustHSICalibrationValue            0x08001003   Thumb Code    20  stm32f10x_rcc.o(.text)
    RCC_HSICmd                               0x08001017   Thumb Code     6  stm32f10x_rcc.o(.text)
    RCC_PLLConfig                            0x0800101d   Thumb Code    24  stm32f10x_rcc.o(.text)
    RCC_PLLCmd                               0x08001035   Thumb Code     6  stm32f10x_rcc.o(.text)
    RCC_SYSCLKConfig                         0x0800103b   Thumb Code    18  stm32f10x_rcc.o(.text)
    RCC_GetSYSCLKSource                      0x0800104d   Thumb Code    10  stm32f10x_rcc.o(.text)
    RCC_HCLKConfig                           0x08001057   Thumb Code    18  stm32f10x_rcc.o(.text)
    RCC_PCLK1Config                          0x08001069   Thumb Code    18  stm32f10x_rcc.o(.text)
    RCC_PCLK2Config                          0x0800107b   Thumb Code    20  stm32f10x_rcc.o(.text)
    RCC_ITConfig                             0x0800108f   Thumb Code    26  stm32f10x_rcc.o(.text)
    RCC_USBCLKConfig                         0x080010a9   Thumb Code     8  stm32f10x_rcc.o(.text)
    RCC_ADCCLKConfig                         0x080010b1   Thumb Code    18  stm32f10x_rcc.o(.text)
    RCC_LSEConfig                            0x080010c3   Thumb Code    50  stm32f10x_rcc.o(.text)
    RCC_LSICmd                               0x080010f5   Thumb Code     6  stm32f10x_rcc.o(.text)
    RCC_RTCCLKConfig                         0x080010fb   Thumb Code    12  stm32f10x_rcc.o(.text)
    RCC_RTCCLKCmd                            0x08001107   Thumb Code     8  stm32f10x_rcc.o(.text)
    RCC_GetClocksFreq                        0x0800110f   Thumb Code   192  stm32f10x_rcc.o(.text)
    RCC_AHBPeriphClockCmd                    0x080011cf   Thumb Code    26  stm32f10x_rcc.o(.text)
    RCC_APB2PeriphClockCmd                   0x080011e9   Thumb Code    26  stm32f10x_rcc.o(.text)
    RCC_APB1PeriphClockCmd                   0x08001203   Thumb Code    26  stm32f10x_rcc.o(.text)
    RCC_APB2PeriphResetCmd                   0x0800121d   Thumb Code    26  stm32f10x_rcc.o(.text)
    RCC_APB1PeriphResetCmd                   0x08001237   Thumb Code    26  stm32f10x_rcc.o(.text)
    RCC_BackupResetCmd                       0x08001251   Thumb Code     8  stm32f10x_rcc.o(.text)
    RCC_ClockSecuritySystemCmd               0x08001259   Thumb Code     6  stm32f10x_rcc.o(.text)
    RCC_MCOConfig                            0x0800125f   Thumb Code     6  stm32f10x_rcc.o(.text)
    RCC_ClearFlag                            0x08001265   Thumb Code    14  stm32f10x_rcc.o(.text)
    RCC_GetITStatus                          0x08001273   Thumb Code    20  stm32f10x_rcc.o(.text)
    RCC_ClearITPendingBit                    0x08001287   Thumb Code     6  stm32f10x_rcc.o(.text)
    TIM_DeInit                               0x080012b1   Thumb Code   424  stm32f10x_tim.o(.text)
    TIM_TimeBaseInit                         0x08001459   Thumb Code   122  stm32f10x_tim.o(.text)
    TIM_OC1Init                              0x080014d3   Thumb Code   132  stm32f10x_tim.o(.text)
    TIM_OC2Init                              0x08001557   Thumb Code   154  stm32f10x_tim.o(.text)
    TIM_OC3Init                              0x080015f1   Thumb Code   150  stm32f10x_tim.o(.text)
    TIM_OC4Init                              0x08001687   Thumb Code   182  stm32f10x_tim.o(.text)
    TIM_SetIC4Prescaler                      0x0800173d   Thumb Code    26  stm32f10x_tim.o(.text)
    TIM_SetIC3Prescaler                      0x080017d9   Thumb Code    18  stm32f10x_tim.o(.text)
    TIM_SetIC2Prescaler                      0x08001865   Thumb Code    26  stm32f10x_tim.o(.text)
    TIM_SetIC1Prescaler                      0x08001901   Thumb Code    18  stm32f10x_tim.o(.text)
    TIM_ICInit                               0x0800197f   Thumb Code   150  stm32f10x_tim.o(.text)
    TIM_PWMIConfig                           0x08001a15   Thumb Code   124  stm32f10x_tim.o(.text)
    TIM_BDTRConfig                           0x08001a91   Thumb Code    32  stm32f10x_tim.o(.text)
    TIM_TimeBaseStructInit                   0x08001ab1   Thumb Code    18  stm32f10x_tim.o(.text)
    TIM_OCStructInit                         0x08001ac3   Thumb Code    20  stm32f10x_tim.o(.text)
    TIM_ICStructInit                         0x08001ad7   Thumb Code    18  stm32f10x_tim.o(.text)
    TIM_BDTRStructInit                       0x08001ae9   Thumb Code    40  stm32f10x_tim.o(.text)
    TIM_Cmd                                  0x08001b11   Thumb Code    24  stm32f10x_tim.o(.text)
    TIM_CtrlPWMOutputs                       0x08001b29   Thumb Code    30  stm32f10x_tim.o(.text)
    TIM_ITConfig                             0x08001b47   Thumb Code    18  stm32f10x_tim.o(.text)
    TIM_GenerateEvent                        0x08001b59   Thumb Code     4  stm32f10x_tim.o(.text)
    TIM_DMAConfig                            0x08001b5d   Thumb Code    10  stm32f10x_tim.o(.text)
    TIM_DMACmd                               0x08001b67   Thumb Code    18  stm32f10x_tim.o(.text)
    TIM_InternalClockConfig                  0x08001b79   Thumb Code    12  stm32f10x_tim.o(.text)
    TIM_SelectInputTrigger                   0x08001b85   Thumb Code    18  stm32f10x_tim.o(.text)
    TIM_ITRxExternalClockConfig              0x08001b97   Thumb Code    24  stm32f10x_tim.o(.text)
    TIM_TIxExternalClockConfig               0x08001baf   Thumb Code    62  stm32f10x_tim.o(.text)
    TIM_ETRConfig                            0x08001bed   Thumb Code    28  stm32f10x_tim.o(.text)
    TIM_ETRClockMode1Config                  0x08001c09   Thumb Code    54  stm32f10x_tim.o(.text)
    TIM_ETRClockMode2Config                  0x08001c3f   Thumb Code    32  stm32f10x_tim.o(.text)
    TIM_PrescalerConfig                      0x08001c5f   Thumb Code     6  stm32f10x_tim.o(.text)
    TIM_CounterModeConfig                    0x08001c65   Thumb Code    18  stm32f10x_tim.o(.text)
    TIM_EncoderInterfaceConfig               0x08001c77   Thumb Code    66  stm32f10x_tim.o(.text)
    TIM_ForcedOC1Config                      0x08001cb9   Thumb Code    18  stm32f10x_tim.o(.text)
    TIM_ForcedOC2Config                      0x08001ccb   Thumb Code    26  stm32f10x_tim.o(.text)
    TIM_ForcedOC3Config                      0x08001ce5   Thumb Code    18  stm32f10x_tim.o(.text)
    TIM_ForcedOC4Config                      0x08001cf7   Thumb Code    26  stm32f10x_tim.o(.text)
    TIM_ARRPreloadConfig                     0x08001d11   Thumb Code    24  stm32f10x_tim.o(.text)
    TIM_SelectCOM                            0x08001d29   Thumb Code    24  stm32f10x_tim.o(.text)
    TIM_SelectCCDMA                          0x08001d41   Thumb Code    24  stm32f10x_tim.o(.text)
    TIM_CCPreloadControl                     0x08001d59   Thumb Code    24  stm32f10x_tim.o(.text)
    TIM_OC1PreloadConfig                     0x08001d71   Thumb Code    18  stm32f10x_tim.o(.text)
    TIM_OC2PreloadConfig                     0x08001d83   Thumb Code    26  stm32f10x_tim.o(.text)
    TIM_OC3PreloadConfig                     0x08001d9d   Thumb Code    18  stm32f10x_tim.o(.text)
    TIM_OC4PreloadConfig                     0x08001daf   Thumb Code    26  stm32f10x_tim.o(.text)
    TIM_OC1FastConfig                        0x08001dc9   Thumb Code    18  stm32f10x_tim.o(.text)
    TIM_OC2FastConfig                        0x08001ddb   Thumb Code    26  stm32f10x_tim.o(.text)
    TIM_OC3FastConfig                        0x08001df5   Thumb Code    18  stm32f10x_tim.o(.text)
    TIM_OC4FastConfig                        0x08001e07   Thumb Code    26  stm32f10x_tim.o(.text)
    TIM_ClearOC1Ref                          0x08001e21   Thumb Code    18  stm32f10x_tim.o(.text)
    TIM_ClearOC2Ref                          0x08001e33   Thumb Code    24  stm32f10x_tim.o(.text)
    TIM_ClearOC3Ref                          0x08001e4b   Thumb Code    18  stm32f10x_tim.o(.text)
    TIM_ClearOC4Ref                          0x08001e5d   Thumb Code    24  stm32f10x_tim.o(.text)
    TIM_OC1PolarityConfig                    0x08001e75   Thumb Code    18  stm32f10x_tim.o(.text)
    TIM_OC1NPolarityConfig                   0x08001e87   Thumb Code    18  stm32f10x_tim.o(.text)
    TIM_OC2PolarityConfig                    0x08001e99   Thumb Code    26  stm32f10x_tim.o(.text)
    TIM_OC2NPolarityConfig                   0x08001eb3   Thumb Code    26  stm32f10x_tim.o(.text)
    TIM_OC3PolarityConfig                    0x08001ecd   Thumb Code    26  stm32f10x_tim.o(.text)
    TIM_OC3NPolarityConfig                   0x08001ee7   Thumb Code    26  stm32f10x_tim.o(.text)
    TIM_OC4PolarityConfig                    0x08001f01   Thumb Code    26  stm32f10x_tim.o(.text)
    TIM_CCxCmd                               0x08001f1b   Thumb Code    30  stm32f10x_tim.o(.text)
    TIM_CCxNCmd                              0x08001f39   Thumb Code    30  stm32f10x_tim.o(.text)
    TIM_SelectOCxM                           0x08001f57   Thumb Code    82  stm32f10x_tim.o(.text)
    TIM_UpdateDisableConfig                  0x08001fa9   Thumb Code    24  stm32f10x_tim.o(.text)
    TIM_UpdateRequestConfig                  0x08001fc1   Thumb Code    24  stm32f10x_tim.o(.text)
    TIM_SelectHallSensor                     0x08001fd9   Thumb Code    24  stm32f10x_tim.o(.text)
    TIM_SelectOnePulseMode                   0x08001ff1   Thumb Code    18  stm32f10x_tim.o(.text)
    TIM_SelectOutputTrigger                  0x08002003   Thumb Code    18  stm32f10x_tim.o(.text)
    TIM_SelectSlaveMode                      0x08002015   Thumb Code    18  stm32f10x_tim.o(.text)
    TIM_SelectMasterSlaveMode                0x08002027   Thumb Code    18  stm32f10x_tim.o(.text)
    TIM_SetCounter                           0x08002039   Thumb Code     4  stm32f10x_tim.o(.text)
    TIM_SetAutoreload                        0x0800203d   Thumb Code     4  stm32f10x_tim.o(.text)
    TIM_SetCompare1                          0x08002041   Thumb Code     4  stm32f10x_tim.o(.text)
    TIM_SetCompare2                          0x08002045   Thumb Code     4  stm32f10x_tim.o(.text)
    TIM_SetCompare3                          0x08002049   Thumb Code     4  stm32f10x_tim.o(.text)
    TIM_SetCompare4                          0x0800204d   Thumb Code     6  stm32f10x_tim.o(.text)
    TIM_SetClockDivision                     0x08002053   Thumb Code    18  stm32f10x_tim.o(.text)
    TIM_GetCapture1                          0x08002065   Thumb Code     6  stm32f10x_tim.o(.text)
    TIM_GetCapture2                          0x0800206b   Thumb Code     6  stm32f10x_tim.o(.text)
    TIM_GetCapture3                          0x08002071   Thumb Code     6  stm32f10x_tim.o(.text)
    TIM_GetCapture4                          0x08002077   Thumb Code     8  stm32f10x_tim.o(.text)
    TIM_GetCounter                           0x0800207f   Thumb Code     6  stm32f10x_tim.o(.text)
    TIM_GetPrescaler                         0x08002085   Thumb Code     6  stm32f10x_tim.o(.text)
    TIM_GetFlagStatus                        0x0800208b   Thumb Code    18  stm32f10x_tim.o(.text)
    TIM_ClearFlag                            0x0800209d   Thumb Code     6  stm32f10x_tim.o(.text)
    TIM_GetITStatus                          0x080020a3   Thumb Code    34  stm32f10x_tim.o(.text)
    TIM_ClearITPendingBit                    0x080020c5   Thumb Code     6  stm32f10x_tim.o(.text)
    USART_DeInit                             0x080020cd   Thumb Code   134  stm32f10x_usart.o(.text)
    USART_Init                               0x08002153   Thumb Code   210  stm32f10x_usart.o(.text)
    USART_StructInit                         0x08002225   Thumb Code    24  stm32f10x_usart.o(.text)
    USART_ClockInit                          0x0800223d   Thumb Code    34  stm32f10x_usart.o(.text)
    USART_ClockStructInit                    0x0800225f   Thumb Code    12  stm32f10x_usart.o(.text)
    USART_Cmd                                0x0800226b   Thumb Code    24  stm32f10x_usart.o(.text)
    USART_ITConfig                           0x08002283   Thumb Code    74  stm32f10x_usart.o(.text)
    USART_DMACmd                             0x080022cd   Thumb Code    18  stm32f10x_usart.o(.text)
    USART_SetAddress                         0x080022df   Thumb Code    18  stm32f10x_usart.o(.text)
    USART_WakeUpConfig                       0x080022f1   Thumb Code    18  stm32f10x_usart.o(.text)
    USART_ReceiverWakeUpCmd                  0x08002303   Thumb Code    24  stm32f10x_usart.o(.text)
    USART_LINBreakDetectLengthConfig         0x0800231b   Thumb Code    18  stm32f10x_usart.o(.text)
    USART_LINCmd                             0x0800232d   Thumb Code    24  stm32f10x_usart.o(.text)
    USART_SendData                           0x08002345   Thumb Code     8  stm32f10x_usart.o(.text)
    USART_ReceiveData                        0x0800234d   Thumb Code    10  stm32f10x_usart.o(.text)
    USART_SendBreak                          0x08002357   Thumb Code    10  stm32f10x_usart.o(.text)
    USART_SetGuardTime                       0x08002361   Thumb Code    16  stm32f10x_usart.o(.text)
    USART_SetPrescaler                       0x08002371   Thumb Code    16  stm32f10x_usart.o(.text)
    USART_SmartCardCmd                       0x08002381   Thumb Code    24  stm32f10x_usart.o(.text)
    USART_SmartCardNACKCmd                   0x08002399   Thumb Code    24  stm32f10x_usart.o(.text)
    USART_HalfDuplexCmd                      0x080023b1   Thumb Code    24  stm32f10x_usart.o(.text)
    USART_OverSampling8Cmd                   0x080023c9   Thumb Code    22  stm32f10x_usart.o(.text)
    USART_OneBitMethodCmd                    0x080023df   Thumb Code    24  stm32f10x_usart.o(.text)
    USART_IrDAConfig                         0x080023f7   Thumb Code    18  stm32f10x_usart.o(.text)
    USART_IrDACmd                            0x08002409   Thumb Code    24  stm32f10x_usart.o(.text)
    USART_GetFlagStatus                      0x08002421   Thumb Code    26  stm32f10x_usart.o(.text)
    USART_ClearFlag                          0x0800243b   Thumb Code    18  stm32f10x_usart.o(.text)
    USART_GetITStatus                        0x0800244d   Thumb Code    84  stm32f10x_usart.o(.text)
    USART_ClearITPendingBit                  0x080024a1   Thumb Code    52  stm32f10x_usart.o(.text)
    SystemInit                               0x080025b3   Thumb Code    78  system_stm32f10x.o(.text)
    SystemCoreClockUpdate                    0x08002601   Thumb Code   142  system_stm32f10x.o(.text)
    mpu_reg_dump                             0x0800273f   Thumb Code    72  inv_mpu.o(.text)
    mpu_read_reg                             0x08002787   Thumb Code    66  inv_mpu.o(.text)
    mpu_set_int_latched                      0x080027c9   Thumb Code   102  inv_mpu.o(.text)
    mpu_set_sensors                          0x0800282f   Thumb Code   202  inv_mpu.o(.text)
    mpu_set_bypass                           0x080028f9   Thumb Code   328  inv_mpu.o(.text)
    mpu_reset_fifo                           0x08002a41   Thumb Code   456  inv_mpu.o(.text)
    mpu_configure_fifo                       0x08002c09   Thumb Code   106  inv_mpu.o(.text)
    mpu_set_lpf                              0x08002c73   Thumb Code   126  inv_mpu.o(.text)
    mpu_lp_accel_mode                        0x08002cf1   Thumb Code   218  inv_mpu.o(.text)
    mpu_set_sample_rate                      0x08002dcb   Thumb Code   152  inv_mpu.o(.text)
    mpu_set_accel_fsr                        0x08002e63   Thumb Code   132  inv_mpu.o(.text)
    mpu_set_gyro_fsr                         0x08002ee7   Thumb Code   132  inv_mpu.o(.text)
    mpu_init                                 0x08002f6b   Thumb Code   414  inv_mpu.o(.text)
    mpu_get_gyro_reg                         0x08003109   Thumb Code   110  inv_mpu.o(.text)
    mpu_get_accel_reg                        0x08003177   Thumb Code   110  inv_mpu.o(.text)
    mpu_get_temperature                      0x080031e5   Thumb Code   150  inv_mpu.o(.text)
    mpu_set_accel_bias                       0x0800327b   Thumb Code   468  inv_mpu.o(.text)
    mpu_get_gyro_fsr                         0x0800344f   Thumb Code    64  inv_mpu.o(.text)
    mpu_get_accel_fsr                        0x0800348f   Thumb Code    72  inv_mpu.o(.text)
    mpu_get_lpf                              0x080034d7   Thumb Code    74  inv_mpu.o(.text)
    mpu_get_sample_rate                      0x08003521   Thumb Code    26  inv_mpu.o(.text)
    mpu_get_compass_sample_rate              0x0800353b   Thumb Code    10  inv_mpu.o(.text)
    mpu_set_compass_sample_rate              0x08003545   Thumb Code     8  inv_mpu.o(.text)
    mpu_get_gyro_sens                        0x0800354d   Thumb Code    58  inv_mpu.o(.text)
    mpu_get_accel_sens                       0x08003587   Thumb Code    78  inv_mpu.o(.text)
    mpu_get_fifo_config                      0x080035d5   Thumb Code    12  inv_mpu.o(.text)
    mpu_get_power_state                      0x080035e1   Thumb Code    22  inv_mpu.o(.text)
    mpu_get_int_status                       0x080035f7   Thumb Code    64  inv_mpu.o(.text)
    mpu_read_fifo                            0x08003637   Thumb Code   520  inv_mpu.o(.text)
    mpu_read_fifo_stream                     0x0800383f   Thumb Code   186  inv_mpu.o(.text)
    mpu_set_int_level                        0x080038f9   Thumb Code    12  inv_mpu.o(.text)
    mpu_set_dmp_state                        0x08003fd7   Thumb Code   138  inv_mpu.o(.text)
    mpu_run_self_test                        0x08004061   Thumb Code   278  inv_mpu.o(.text)
    mpu_write_mem                            0x08004177   Thumb Code   122  inv_mpu.o(.text)
    mpu_read_mem                             0x080041f1   Thumb Code   122  inv_mpu.o(.text)
    mpu_load_firmware                        0x0800426b   Thumb Code   192  inv_mpu.o(.text)
    mpu_get_dmp_state                        0x0800432b   Thumb Code    14  inv_mpu.o(.text)
    mpu_get_compass_reg                      0x08004339   Thumb Code     8  inv_mpu.o(.text)
    mpu_get_compass_fsr                      0x08004341   Thumb Code     8  inv_mpu.o(.text)
    mpu_lp_motion_interrupt                  0x08004349   Thumb Code   512  inv_mpu.o(.text)
    dmp_load_motion_driver_firmware          0x0800454d   Thumb Code    20  inv_mpu_dmp_motion_driver.o(.text)
    dmp_set_orientation                      0x08004561   Thumb Code   290  inv_mpu_dmp_motion_driver.o(.text)
    dmp_set_gyro_bias                        0x08004683   Thumb Code   294  inv_mpu_dmp_motion_driver.o(.text)
    dmp_set_accel_bias                       0x080047a9   Thumb Code   300  inv_mpu_dmp_motion_driver.o(.text)
    dmp_set_fifo_rate                        0x080048d5   Thumb Code   136  inv_mpu_dmp_motion_driver.o(.text)
    dmp_get_fifo_rate                        0x0800495d   Thumb Code    12  inv_mpu_dmp_motion_driver.o(.text)
    dmp_set_tap_thresh                       0x08004969   Thumb Code   396  inv_mpu_dmp_motion_driver.o(.text)
    dmp_set_tap_axes                         0x08004af5   Thumb Code    70  inv_mpu_dmp_motion_driver.o(.text)
    dmp_set_tap_count                        0x08004b3b   Thumb Code    38  inv_mpu_dmp_motion_driver.o(.text)
    dmp_set_tap_time                         0x08004b61   Thumb Code    38  inv_mpu_dmp_motion_driver.o(.text)
    dmp_set_tap_time_multi                   0x08004b87   Thumb Code    38  inv_mpu_dmp_motion_driver.o(.text)
    dmp_set_shake_reject_thresh              0x08004bad   Thumb Code    56  inv_mpu_dmp_motion_driver.o(.text)
    dmp_set_shake_reject_time                0x08004be5   Thumb Code    38  inv_mpu_dmp_motion_driver.o(.text)
    dmp_set_shake_reject_timeout             0x08004c0b   Thumb Code    38  inv_mpu_dmp_motion_driver.o(.text)
    dmp_get_pedometer_step_count             0x08004c31   Thumb Code    66  inv_mpu_dmp_motion_driver.o(.text)
    dmp_set_pedometer_step_count             0x08004c73   Thumb Code    42  inv_mpu_dmp_motion_driver.o(.text)
    dmp_get_pedometer_walk_time              0x08004c9d   Thumb Code    72  inv_mpu_dmp_motion_driver.o(.text)
    dmp_set_pedometer_walk_time              0x08004ce5   Thumb Code    48  inv_mpu_dmp_motion_driver.o(.text)
    dmp_enable_6x_lp_quat                    0x08004d15   Thumb Code    84  inv_mpu_dmp_motion_driver.o(.text)
    dmp_enable_lp_quat                       0x08004d69   Thumb Code    60  inv_mpu_dmp_motion_driver.o(.text)
    dmp_enable_gyro_cal                      0x08004da5   Thumb Code    62  inv_mpu_dmp_motion_driver.o(.text)
    dmp_enable_feature                       0x08004de3   Thumb Code   530  inv_mpu_dmp_motion_driver.o(.text)
    dmp_get_enabled_features                 0x08004ff5   Thumb Code    12  inv_mpu_dmp_motion_driver.o(.text)
    dmp_set_interrupt_mode                   0x0800505f   Thumb Code    66  inv_mpu_dmp_motion_driver.o(.text)
    dmp_read_fifo                            0x080050a1   Thumb Code   514  inv_mpu_dmp_motion_driver.o(.text)
    dmp_register_tap_cb                      0x080052a3   Thumb Code    10  inv_mpu_dmp_motion_driver.o(.text)
    dmp_register_android_orient_cb           0x080052ad   Thumb Code    10  inv_mpu_dmp_motion_driver.o(.text)
    InitBufferQueue                          0x080052bd   Thumb Code    48  queue.o(.text)
    TestEmptyBufferQueue                     0x080052ed   Thumb Code    18  queue.o(.text)
    AddBufferQueue                           0x080052ff   Thumb Code    28  queue.o(.text)
    OutBufferQueue                           0x0800531b   Thumb Code    50  queue.o(.text)
    CheckBufferQueueLength                   0x0800534d   Thumb Code    38  queue.o(.text)
    CheckBufferQueueState                    0x08005373   Thumb Code     6  queue.o(.text)
    ClearBufferQueue                         0x08005379   Thumb Code    18  queue.o(.text)
    isspace                                  0x0800538b   Thumb Code    18  stdlib.o(.text)
    isalnum                                  0x0800539d   Thumb Code    34  stdlib.o(.text)
    isdigit                                  0x080053bf   Thumb Code    18  stdlib.o(.text)
    isupper                                  0x080053d1   Thumb Code    18  stdlib.o(.text)
    strcasecmp                               0x080053e3   Thumb Code    68  stdlib.o(.text)
    strncasecmp                              0x08005427   Thumb Code    76  stdlib.o(.text)
    strlen                                   0x08005473   Thumb Code    30  stdlib.o(.text)
    strcat                                   0x08005491   Thumb Code    42  stdlib.o(.text)
    strncat                                  0x080054bb   Thumb Code    64  stdlib.o(.text)
    strcpy                                   0x080054fb   Thumb Code    32  stdlib.o(.text)
    strncpy                                  0x0800551b   Thumb Code    44  stdlib.o(.text)
    strcmp                                   0x08005547   Thumb Code    42  stdlib.o(.text)
    strncmp                                  0x08005571   Thumb Code    58  stdlib.o(.text)
    memcpy                                   0x080055ab   Thumb Code    76  stdlib.o(.text)
    memset                                   0x080055f7   Thumb Code    26  stdlib.o(.text)
    Wp_AdcConfigure                          0x08005663   Thumb Code   430  wp_adc.o(.text)
    Wp_GetAdcChannelSamplingValue            0x08005811   Thumb Code    18  wp_adc.o(.text)
    ADC_GetValue                             0x08005823   Thumb Code    12  wp_adc.o(.text)
    Wp_GetChannelAdcVoltageValue             0x0800582f   Thumb Code    68  wp_adc.o(.text)
    ADC_GetVoltage                           0x08005873   Thumb Code    12  wp_adc.o(.text)
    Wp_GetAdcVoltageValue                    0x0800587f   Thumb Code    88  wp_adc.o(.text)
    Wp_AdcGetAllIO                           0x080058d7   Thumb Code    44  wp_adc.o(.text)
    Wp_AdcGetIO                              0x08005903   Thumb Code    22  wp_adc.o(.text)
    Wp_FilterPower                           0x08005943   Thumb Code   110  wp_adc.o(.text)
    Wp_CalculateDistanceChannel              0x080059b1   Thumb Code   590  wp_adc.o(.text)
    Sensor_Distance                          0x08005bff   Thumb Code    12  wp_adc.o(.text)
    Wp_CalculateLuxChannel                   0x08005c0b   Thumb Code    96  wp_adc.o(.text)
    Sensor_Lux                               0x08005c6b   Thumb Code    12  wp_adc.o(.text)
    Wp_BleKeyInit                            0x08005ced   Thumb Code    44  wp_ble.o(.text)
    Wp_SetBleBaud                            0x08005d19   Thumb Code    36  wp_ble.o(.text)
    Wp_SetBleName                            0x08005d3d   Thumb Code    40  wp_ble.o(.text)
    BLE_SetName                              0x08005d65   Thumb Code    12  wp_ble.o(.text)
    BLE_SendChar                             0x08005d71   Thumb Code    12  wp_ble.o(.text)
    BLE_SendString                           0x08005d7d   Thumb Code    12  wp_ble.o(.text)
    get_ms                                   0x08005dad   Thumb Code     2  wp_globle.o(.text)
    delay_us                                 0x08005daf   Thumb Code    30  wp_globle.o(.text)
    delay_ms                                 0x08005dcd   Thumb Code    24  wp_globle.o(.text)
    Wp_DelayUs                               0x08005de5   Thumb Code    26  wp_globle.o(.text)
    DelayUs                                  0x08005dff   Thumb Code    12  wp_globle.o(.text)
    Wp_Delay_ms                              0x08005e0b   Thumb Code    28  wp_globle.o(.text)
    Wp_DelayMs                               0x08005e27   Thumb Code    16  wp_globle.o(.text)
    DelayMs                                  0x08005e37   Thumb Code    12  wp_globle.o(.text)
    abs                                      0x08005e43   Thumb Code    14  wp_globle.o(.text)
    fabs                                     0x08005e51   Thumb Code    34  wp_globle.o(.text)
    Wp_FlowLights                            0x08005e79   Thumb Code   266  wp_gpio.o(.text)
    Wp_GetInputValue                         0x08005f83   Thumb Code    64  wp_gpio.o(.text)
    Wp_GetPortInputValue                     0x08005fc3   Thumb Code    26  wp_gpio.o(.text)
    Port_GetInputValue                       0x08005fdd   Thumb Code    12  wp_gpio.o(.text)
    Wp_GetOutputValue                        0x08005fe9   Thumb Code   136  wp_gpio.o(.text)
    Wp_GetPortOutputValue                    0x08006071   Thumb Code    52  wp_gpio.o(.text)
    Port_GetOutputValue                      0x080060a5   Thumb Code    12  wp_gpio.o(.text)
    Wp_SetOutputValue                        0x080060b1   Thumb Code   178  wp_gpio.o(.text)
    Wp_SetPortOutputValue                    0x08006163   Thumb Code    86  wp_gpio.o(.text)
    Port_SetOutputValue                      0x080061b9   Thumb Code    16  wp_gpio.o(.text)
    Wp_GpioConfigure                         0x080061c9   Thumb Code   140  wp_gpio.o(.text)
    i2cWrite                                 0x08006453   Thumb Code    72  wp_iic.o(.text)
    i2cwrite                                 0x08006503   Thumb Code    38  wp_iic.o(.text)
    i2cread                                  0x080065a1   Thumb Code    38  wp_iic.o(.text)
    i2cGetErrorCounter                       0x080065c7   Thumb Code     4  wp_iic.o(.text)
    SimulateI2cInit                          0x080065cb   Thumb Code    32  wp_iic.o(.text)
    NMIException                             0x080065f1   Thumb Code     2  wp_it.o(.text)
    HardFaultException                       0x080065f3   Thumb Code     4  wp_it.o(.text)
    MemManageException                       0x080065f7   Thumb Code     4  wp_it.o(.text)
    BusFaultException                        0x080065fb   Thumb Code     4  wp_it.o(.text)
    UsageFaultException                      0x080065ff   Thumb Code     4  wp_it.o(.text)
    DebugMonitor                             0x08006603   Thumb Code     2  wp_it.o(.text)
    SVCHandler                               0x08006605   Thumb Code     2  wp_it.o(.text)
    PendSVC                                  0x08006607   Thumb Code     2  wp_it.o(.text)
    SysTick_Handler                          0x08006609   Thumb Code    18  wp_it.o(.text)
    EXTI_IRQHandler                          0x0800661b   Thumb Code    20  wp_it.o(.text)
    EXTI0_IRQHandler                         0x0800662f   Thumb Code    16  wp_it.o(.text)
    EXTI1_IRQHandler                         0x0800663f   Thumb Code    16  wp_it.o(.text)
    EXTI2_IRQHandler                         0x0800664f   Thumb Code    16  wp_it.o(.text)
    EXTI3_IRQHandler                         0x0800665f   Thumb Code    16  wp_it.o(.text)
    EXTI4_IRQHandler                         0x0800666f   Thumb Code    16  wp_it.o(.text)
    EXTI9_5_IRQHandler                       0x0800667f   Thumb Code   124  wp_it.o(.text)
    EXTI15_10_IRQHandler                     0x080066fb   Thumb Code   170  wp_it.o(.text)
    DMA1_Channel1_IRQHandler                 0x080067a5   Thumb Code    18  wp_it.o(.text)
    DMA1_Channel4_IRQHandler                 0x080067b7   Thumb Code    20  wp_it.o(.text)
    DMA1_Channel5_IRQHandler                 0x080067cb   Thumb Code    12  wp_it.o(.text)
    TIM2_IRQHandler                          0x080067d7   Thumb Code     8  wp_it.o(.text)
    TIM3_IRQHandler                          0x080067df   Thumb Code     8  wp_it.o(.text)
    TIM4_IRQHandler                          0x080067e7   Thumb Code     8  wp_it.o(.text)
    USART1_IRQHandler                        0x080067ef   Thumb Code    76  wp_it.o(.text)
    USART2_IRQHandler                        0x0800683b   Thumb Code    76  wp_it.o(.text)
    USART3_IRQHandler                        0x08006887   Thumb Code    76  wp_it.o(.text)
    Wp_KeyObjectInit                         0x0800696b   Thumb Code    12  wp_key.o(.text)
    Wp_KeyRefreshState                       0x08006977   Thumb Code    86  wp_key.o(.text)
    Wp_KeyAccessTimes                        0x080069cd   Thumb Code    78  wp_key.o(.text)
    Wp_KeyInit                               0x08006a1b   Thumb Code    66  wp_key.o(.text)
    Wp_Usart3_SendChar                       0x08006a81   Thumb Code    28  wp_motor.o(.text)
    UpMotorSlaveTxPacket                     0x08006a9d   Thumb Code   122  wp_motor.o(.text)
    Wp_SetMotorSpeed                         0x08006b17   Thumb Code   106  wp_motor.o(.text)
    Motor_SetSpeed                           0x08006b81   Thumb Code    44  wp_motor.o(.text)
    Wp_ActiomMotorMode                       0x08006bad   Thumb Code    66  wp_motor.o(.text)
    Motors_Action                            0x08006bef   Thumb Code     8  wp_motor.o(.text)
    UpMotorSlaveRxPacket                     0x08006bf7   Thumb Code   228  wp_motor.o(.text)
    Wp_Usart3_SendStr                        0x08006cdb   Thumb Code    38  wp_motor.o(.text)
    Wp_Usart3Configure                       0x08006d01   Thumb Code   210  wp_motor.o(.text)
    ReceiveUart3Hadler                       0x08006dd3   Thumb Code    14  wp_motor.o(.text)
    Wp_SetUART3Hadler                        0x08006de1   Thumb Code     8  wp_motor.o(.text)
    inv_orientation_matrix_to_scalar         0x08006e57   Thumb Code    40  wp_mpu6050.o(.text)
    run_self_test                            0x08006e7f   Thumb Code   146  wp_mpu6050.o(.text)
    Wp_MPU6050DMP_Init                       0x08006f39   Thumb Code    80  wp_mpu6050.o(.text)
    Wp_GetMpu6050Dmp                         0x08006f89   Thumb Code   546  wp_mpu6050.o(.text)
    Delay                                    0x080071ab   Thumb Code    18  wp_mpu6050.o(.text)
    Gyro_GetPitch                            0x080071bd   Thumb Code    16  wp_mpu6050.o(.text)
    Gyro_GetRoll                             0x080071cd   Thumb Code     8  wp_mpu6050.o(.text)
    Gyro_GetYaw                              0x080071d5   Thumb Code     8  wp_mpu6050.o(.text)
    Wp_NVIC_Configuration                    0x080071f1   Thumb Code   188  wp_nvic.o(.text)
    Wp_FillOled                              0x080073ab   Thumb Code    60  wp_oled.o(.text)
    Wp_ClearOled                             0x080073e7   Thumb Code    70  wp_oled.o(.text)
    OLED_Clear                               0x0800742d   Thumb Code     8  wp_oled.o(.text)
    Wp_OledInit                              0x08007435   Thumb Code   238  wp_oled.o(.text)
    OLED_P6x8Char                            0x08007523   Thumb Code    92  wp_oled.o(.text)
    OLED_P6x8Str                             0x0800757f   Thumb Code   126  wp_oled.o(.text)
    OLED_P8x16Char                           0x080075fd   Thumb Code   170  wp_oled.o(.text)
    OLED_P8x16Str                            0x080076a7   Thumb Code   226  wp_oled.o(.text)
    OLED_String                              0x08007789   Thumb Code    20  wp_oled.o(.text)
    OLED_Dis6x8CharNum                       0x0800779d   Thumb Code    40  wp_oled.o(.text)
    OLED_Dis8x16CharNum                      0x080077c5   Thumb Code    40  wp_oled.o(.text)
    Wp_DisP16x16DotArray                     0x080077ed   Thumb Code   136  wp_oled.o(.text)
    Wp_DisP16x16HanZiArray                   0x08007875   Thumb Code   138  wp_oled.o(.text)
    Wp_DisIntNum                             0x080078ff   Thumb Code   196  wp_oled.o(.text)
    OLED_Int                                 0x080079c3   Thumb Code    28  wp_oled.o(.text)
    Wp_Disfloat                              0x080079df   Thumb Code   266  wp_oled.o(.text)
    Wp_DisfloatIntegerandDecimal             0x08007ae9   Thumb Code   428  wp_oled.o(.text)
    OLED_Float                               0x08007c95   Thumb Code    36  wp_oled.o(.text)
    fputc                                    0x08007cb9   Thumb Code   104  wp_oled.o(.text)
    Wp_PwmConfigure                          0x08007d79   Thumb Code   240  wp_pwm.o(.text)
    Wp_PwmEnable                             0x08007e69   Thumb Code    64  wp_pwm.o(.text)
    Wp_Pwm_TimerPro                          0x08007ea9   Thumb Code   266  wp_pwm.o(.text)
    Wp_PwmSetDutyTime                        0x08007fff   Thumb Code    34  wp_pwm.o(.text)
    Wp_PwmSetFrequency                       0x08008021   Thumb Code    28  wp_pwm.o(.text)
    Wp_PwmSetIO                              0x0800803d   Thumb Code   160  wp_pwm.o(.text)
    Wp_Sev_TimerPro                          0x08008105   Thumb Code   360  wp_sys.o(.text)
    UART_SetBaudRate                         0x080082d3   Thumb Code     6  wp_sys.o(.text)
    Wp_SystemConfigure                       0x080082d9   Thumb Code   220  wp_sys.o(.text)
    WPB_Init                                 0x080083b5   Thumb Code     8  wp_sys.o(.text)
    Wp_UserTimerConfigure                    0x0800841f   Thumb Code   340  wp_timer.o(.text)
    Wp_User_TimerPro                         0x08008573   Thumb Code   526  wp_timer.o(.text)
    Wp_UserTimerEnableIT                     0x08008781   Thumb Code    52  wp_timer.o(.text)
    Timer_Enable                             0x080087b5   Thumb Code    16  wp_timer.o(.text)
    Wp_UserTimerDisableIT                    0x080087c5   Thumb Code   116  wp_timer.o(.text)
    Timer_Disable                            0x08008839   Thumb Code    12  wp_timer.o(.text)
    Wp_UserTimerSetHadler                    0x08008845   Thumb Code     8  wp_timer.o(.text)
    Timer_SetHandler                         0x0800884d   Thumb Code    12  wp_timer.o(.text)
    Wp_Timer2Configure                       0x08008859   Thumb Code   118  wp_timer.o(.text)
    Wp_Usart1Configure                       0x080088d5   Thumb Code   202  wp_uart.o(.text)
    Wp_Usart2Configure                       0x0800899f   Thumb Code   174  wp_uart.o(.text)
    Wp_Usart1_SendChar                       0x08008a4d   Thumb Code    28  wp_uart.o(.text)
    UART_SendChar                            0x08008a69   Thumb Code    12  wp_uart.o(.text)
    Wp_Usart1_SendStr                        0x08008a75   Thumb Code    38  wp_uart.o(.text)
    UART_SendString                          0x08008a9b   Thumb Code    12  wp_uart.o(.text)
    Wp_Usart2_SendChar                       0x08008aa7   Thumb Code    28  wp_uart.o(.text)
    Wp_Usart2_SendStr                        0x08008ac3   Thumb Code    38  wp_uart.o(.text)
    Wp_Usart1_SendInt                        0x08008ae9   Thumb Code    20  wp_uart.o(.text)
    Wp_Usart2_SendInt                        0x08008afd   Thumb Code    20  wp_uart.o(.text)
    ReceiveUart1Hadler                       0x08008b11   Thumb Code    28  wp_uart.o(.text)
    ReceiveUart2Hadler                       0x08008b2d   Thumb Code    28  wp_uart.o(.text)
    Wp_SetUART1Hadler                        0x08008b49   Thumb Code     8  wp_uart.o(.text)
    UART_SetHandler                          0x08008b51   Thumb Code     8  wp_uart.o(.text)
    Wp_SetUART2Hadler                        0x08008b59   Thumb Code     8  wp_uart.o(.text)
    BLE_SetHandler                           0x08008b61   Thumb Code     8  wp_uart.o(.text)
    Reset_Handler                            0x08008b91   Thumb Code     8  startup_stm32f10x_hd.o(.text)
    NMI_Handler                              0x08008b99   Thumb Code     2  startup_stm32f10x_hd.o(.text)
    HardFault_Handler                        0x08008b9b   Thumb Code     2  startup_stm32f10x_hd.o(.text)
    MemManage_Handler                        0x08008b9d   Thumb Code     2  startup_stm32f10x_hd.o(.text)
    BusFault_Handler                         0x08008b9f   Thumb Code     2  startup_stm32f10x_hd.o(.text)
    UsageFault_Handler                       0x08008ba1   Thumb Code     2  startup_stm32f10x_hd.o(.text)
    SVC_Handler                              0x08008ba3   Thumb Code     2  startup_stm32f10x_hd.o(.text)
    DebugMon_Handler                         0x08008ba5   Thumb Code     2  startup_stm32f10x_hd.o(.text)
    PendSV_Handler                           0x08008ba7   Thumb Code     2  startup_stm32f10x_hd.o(.text)
    ADC1_2_IRQHandler                        0x08008bab   Thumb Code     0  startup_stm32f10x_hd.o(.text)
    ADC3_IRQHandler                          0x08008bab   Thumb Code     0  startup_stm32f10x_hd.o(.text)
    CAN1_RX1_IRQHandler                      0x08008bab   Thumb Code     0  startup_stm32f10x_hd.o(.text)
    CAN1_SCE_IRQHandler                      0x08008bab   Thumb Code     0  startup_stm32f10x_hd.o(.text)
    DMA1_Channel2_IRQHandler                 0x08008bab   Thumb Code     0  startup_stm32f10x_hd.o(.text)
    DMA1_Channel3_IRQHandler                 0x08008bab   Thumb Code     0  startup_stm32f10x_hd.o(.text)
    DMA1_Channel6_IRQHandler                 0x08008bab   Thumb Code     0  startup_stm32f10x_hd.o(.text)
    DMA1_Channel7_IRQHandler                 0x08008bab   Thumb Code     0  startup_stm32f10x_hd.o(.text)
    DMA2_Channel1_IRQHandler                 0x08008bab   Thumb Code     0  startup_stm32f10x_hd.o(.text)
    DMA2_Channel2_IRQHandler                 0x08008bab   Thumb Code     0  startup_stm32f10x_hd.o(.text)
    DMA2_Channel3_IRQHandler                 0x08008bab   Thumb Code     0  startup_stm32f10x_hd.o(.text)
    DMA2_Channel4_5_IRQHandler               0x08008bab   Thumb Code     0  startup_stm32f10x_hd.o(.text)
    FLASH_IRQHandler                         0x08008bab   Thumb Code     0  startup_stm32f10x_hd.o(.text)
    FSMC_IRQHandler                          0x08008bab   Thumb Code     0  startup_stm32f10x_hd.o(.text)
    I2C1_ER_IRQHandler                       0x08008bab   Thumb Code     0  startup_stm32f10x_hd.o(.text)
    I2C1_EV_IRQHandler                       0x08008bab   Thumb Code     0  startup_stm32f10x_hd.o(.text)
    I2C2_ER_IRQHandler                       0x08008bab   Thumb Code     0  startup_stm32f10x_hd.o(.text)
    I2C2_EV_IRQHandler                       0x08008bab   Thumb Code     0  startup_stm32f10x_hd.o(.text)
    PVD_IRQHandler                           0x08008bab   Thumb Code     0  startup_stm32f10x_hd.o(.text)
    RCC_IRQHandler                           0x08008bab   Thumb Code     0  startup_stm32f10x_hd.o(.text)
    RTCAlarm_IRQHandler                      0x08008bab   Thumb Code     0  startup_stm32f10x_hd.o(.text)
    RTC_IRQHandler                           0x08008bab   Thumb Code     0  startup_stm32f10x_hd.o(.text)
    SDIO_IRQHandler                          0x08008bab   Thumb Code     0  startup_stm32f10x_hd.o(.text)
    SPI1_IRQHandler                          0x08008bab   Thumb Code     0  startup_stm32f10x_hd.o(.text)
    SPI2_IRQHandler                          0x08008bab   Thumb Code     0  startup_stm32f10x_hd.o(.text)
    SPI3_IRQHandler                          0x08008bab   Thumb Code     0  startup_stm32f10x_hd.o(.text)
    TAMPER_IRQHandler                        0x08008bab   Thumb Code     0  startup_stm32f10x_hd.o(.text)
    TIM1_BRK_IRQHandler                      0x08008bab   Thumb Code     0  startup_stm32f10x_hd.o(.text)
    TIM1_CC_IRQHandler                       0x08008bab   Thumb Code     0  startup_stm32f10x_hd.o(.text)
    TIM1_TRG_COM_IRQHandler                  0x08008bab   Thumb Code     0  startup_stm32f10x_hd.o(.text)
    TIM1_UP_IRQHandler                       0x08008bab   Thumb Code     0  startup_stm32f10x_hd.o(.text)
    TIM5_IRQHandler                          0x08008bab   Thumb Code     0  startup_stm32f10x_hd.o(.text)
    TIM6_IRQHandler                          0x08008bab   Thumb Code     0  startup_stm32f10x_hd.o(.text)
    TIM7_IRQHandler                          0x08008bab   Thumb Code     0  startup_stm32f10x_hd.o(.text)
    TIM8_BRK_IRQHandler                      0x08008bab   Thumb Code     0  startup_stm32f10x_hd.o(.text)
    TIM8_CC_IRQHandler                       0x08008bab   Thumb Code     0  startup_stm32f10x_hd.o(.text)
    TIM8_TRG_COM_IRQHandler                  0x08008bab   Thumb Code     0  startup_stm32f10x_hd.o(.text)
    TIM8_UP_IRQHandler                       0x08008bab   Thumb Code     0  startup_stm32f10x_hd.o(.text)
    UART4_IRQHandler                         0x08008bab   Thumb Code     0  startup_stm32f10x_hd.o(.text)
    UART5_IRQHandler                         0x08008bab   Thumb Code     0  startup_stm32f10x_hd.o(.text)
    USBWakeUp_IRQHandler                     0x08008bab   Thumb Code     0  startup_stm32f10x_hd.o(.text)
    USB_HP_CAN1_TX_IRQHandler                0x08008bab   Thumb Code     0  startup_stm32f10x_hd.o(.text)
    USB_LP_CAN1_RX0_IRQHandler               0x08008bab   Thumb Code     0  startup_stm32f10x_hd.o(.text)
    WWDG_IRQHandler                          0x08008bab   Thumb Code     0  startup_stm32f10x_hd.o(.text)
    __aeabi_ldivmod                          0x08008bb5   Thumb Code    98  ldiv.o(.text)
    __aeabi_memset                           0x08008c17   Thumb Code    14  memseta.o(.text)
    __aeabi_memset4                          0x08008c17   Thumb Code     0  memseta.o(.text)
    __aeabi_memset8                          0x08008c17   Thumb Code     0  memseta.o(.text)
    __aeabi_memclr                           0x08008c25   Thumb Code     4  memseta.o(.text)
    __aeabi_memclr4                          0x08008c25   Thumb Code     0  memseta.o(.text)
    __aeabi_memclr8                          0x08008c25   Thumb Code     0  memseta.o(.text)
    _memset$wrapper                          0x08008c29   Thumb Code    18  memseta.o(.text)
    memcmp                                   0x08008c3b   Thumb Code    26  memcmp.o(.text)
    __aeabi_fadd                             0x08008c55   Thumb Code   164  fadd.o(.text)
    __aeabi_fsub                             0x08008cf9   Thumb Code     6  fadd.o(.text)
    __aeabi_frsub                            0x08008cff   Thumb Code     6  fadd.o(.text)
    __aeabi_fmul                             0x08008d05   Thumb Code   100  fmul.o(.text)
    __aeabi_fdiv                             0x08008d69   Thumb Code   124  fdiv.o(.text)
    __aeabi_dadd                             0x08008de5   Thumb Code   322  dadd.o(.text)
    __aeabi_dsub                             0x08008f27   Thumb Code     6  dadd.o(.text)
    __aeabi_drsub                            0x08008f2d   Thumb Code     6  dadd.o(.text)
    __aeabi_dmul                             0x08008f33   Thumb Code   228  dmul.o(.text)
    __aeabi_ddiv                             0x08009017   Thumb Code   222  ddiv.o(.text)
    __aeabi_i2f                              0x080090f5   Thumb Code    18  fflti.o(.text)
    __aeabi_ui2f                             0x08009107   Thumb Code    10  ffltui.o(.text)
    __aeabi_f2iz                             0x08009111   Thumb Code    50  ffixi.o(.text)
    __aeabi_f2uiz                            0x08009143   Thumb Code    40  ffixui.o(.text)
    __aeabi_d2uiz                            0x0800916b   Thumb Code    50  dfixui.o(.text)
    __aeabi_f2d                              0x0800919d   Thumb Code    38  f2d.o(.text)
    __aeabi_cdcmpeq                          0x080091c5   Thumb Code     0  cdcmple.o(.text)
    __aeabi_cdcmple                          0x080091c5   Thumb Code    48  cdcmple.o(.text)
    __aeabi_cdrcmple                         0x080091f5   Thumb Code    48  cdrcmple.o(.text)
    __aeabi_d2f                              0x08009225   Thumb Code    56  d2f.o(.text)
    __aeabi_cfcmpeq                          0x0800925d   Thumb Code     0  cfcmple.o(.text)
    __aeabi_cfcmple                          0x0800925d   Thumb Code    20  cfcmple.o(.text)
    __aeabi_cfrcmple                         0x08009271   Thumb Code    20  cfrcmple.o(.text)
    __aeabi_uldivmod                         0x08009285   Thumb Code    98  uldiv.o(.text)
    __aeabi_llsl                             0x080092e7   Thumb Code    30  llshl.o(.text)
    _ll_shift_l                              0x080092e7   Thumb Code     0  llshl.o(.text)
    __aeabi_llsr                             0x08009305   Thumb Code    32  llushr.o(.text)
    _ll_ushift_r                             0x08009305   Thumb Code     0  llushr.o(.text)
    __aeabi_lasr                             0x08009325   Thumb Code    36  llsshr.o(.text)
    _ll_sshift_r                             0x08009325   Thumb Code     0  llsshr.o(.text)
    __I$use$fp                               0x08009349   Thumb Code     0  iusefp.o(.text)
    _float_round                             0x08009349   Thumb Code    18  fepilogue.o(.text)
    _float_epilogue                          0x0800935b   Thumb Code    92  fepilogue.o(.text)
    _double_round                            0x080093b7   Thumb Code    30  depilogue.o(.text)
    _double_epilogue                         0x080093d5   Thumb Code   156  depilogue.o(.text)
    __ARM_scalbn                             0x08009471   Thumb Code    46  dscalb.o(.text)
    scalbn                                   0x08009471   Thumb Code     0  dscalb.o(.text)
    __scatterload                            0x080094a1   Thumb Code    28  init.o(.text)
    __scatterload_rt2                        0x080094a1   Thumb Code     0  init.o(.text)
    _dsqrt                                   0x080094c5   Thumb Code   162  dsqrt.o(.text)
    __decompress                             0x08009567   Thumb Code     0  __dczerorl2.o(.text)
    __decompress1                            0x08009567   Thumb Code    86  __dczerorl2.o(.text)
    __ARM_fpclassify                         0x080095bd   Thumb Code    40  fpclassify.o(i.__ARM_fpclassify)
    __kernel_poly                            0x080095e5   Thumb Code   170  poly.o(i.__kernel_poly)
    __mathlib_dbl_infnan                     0x0800968f   Thumb Code     6  dunder.o(i.__mathlib_dbl_infnan)
    __mathlib_dbl_infnan2                    0x08009695   Thumb Code     4  dunder.o(i.__mathlib_dbl_infnan2)
    __mathlib_dbl_invalid                    0x08009699   Thumb Code    12  dunder.o(i.__mathlib_dbl_invalid)
    __mathlib_dbl_underflow                  0x080096a5   Thumb Code    10  dunder.o(i.__mathlib_dbl_underflow)
    __scatterload_copy                       0x080096b5   Thumb Code    14  handlers.o(i.__scatterload_copy)
    __scatterload_null                       0x080096c3   Thumb Code     2  handlers.o(i.__scatterload_null)
    __scatterload_zeroinit                   0x080096c5   Thumb Code    14  handlers.o(i.__scatterload_zeroinit)
    __set_errno                              0x080096d5   Thumb Code     6  errno.o(i.__set_errno)
    asin                                     0x080096e1   Thumb Code   572  asin.o(i.asin)
    atan                                     0x08009951   Thumb Code   474  atan.o(i.atan)
    atan2                                    0x08009b71   Thumb Code   374  atan2.o(i.atan2)
    malloc                                   0x08009d0d   Thumb Code    92  malloc.o(i.malloc)
    sqrt                                     0x08009d79   Thumb Code    76  sqrt.o(i.sqrt)
    hw                                       0x08009dc4   Data          12  inv_mpu.o(.constdata)
    reg                                      0x08009dd0   Data          27  inv_mpu.o(.constdata)
    test                                     0x08009dec   Data          40  inv_mpu.o(.constdata)
    Name16x16                                0x0800aa0a   Data         256  wp_oled.o(.constdata)
    Atti16x16                                0x0800ab0a   Data         128  wp_oled.o(.constdata)
    F6x8                                     0x0800ab8a   Data         552  wp_oled.o(.constdata)
    F8X16                                    0x0800adb2   Data        1520  wp_oled.o(.constdata)
    __mathlib_zero                           0x0800b490   Data           8  qnan.o(.constdata)
    Region$$Table$$Base                      0x0800b4f4   Number         0  anon$$obj.o(Region$$Table)
    Region$$Table$$Limit                     0x0800b514   Number         0  anon$$obj.o(Region$$Table)
    i                                        0x2000000c   Data           4  main.o(.data)
    R4wd                                     0x20000010   Data           4  main.o(.data)
    Rw                                       0x20000014   Data           4  main.o(.data)
    Pi                                       0x20000018   Data           4  main.o(.data)
    SystemCoreClock                          0x20000030   Data           4  system_stm32f10x.o(.data)
    AHBPrescTable                            0x20000034   Data          16  system_stm32f10x.o(.data)
    g_SysTickTimer                           0x20000074   Data           4  wp_globle.o(.data)
    g_UP_Uart1ITAddress                      0x20000078   Data           4  wp_globle.o(.data)
    g_UP_Uart2ITAddress                      0x2000007c   Data           4  wp_globle.o(.data)
    g_UP_Uart3ITAddress                      0x20000080   Data           4  wp_globle.o(.data)
    g_USR_UartReciever                       0x20000084   Data           4  wp_globle.o(.data)
    g_USR_BleReciever                        0x20000088   Data           4  wp_globle.o(.data)
    g_UP_ExtiFlag                            0x2000008c   Data           4  wp_globle.o(.data)
    g_UP_ExtiITAddress                       0x20000090   Data           4  wp_globle.o(.data)
    g_UP_bTimerIT                            0x20000094   Data           4  wp_globle.o(.data)
    g_UP_TimerITAddress                      0x20000098   Data           4  wp_globle.o(.data)
    powervalue                               0x2000009c   Data           4  wp_globle.o(.data)
    Sys_Voltage                              0x200000a0   Data           4  wp_globle.o(.data)
    powervalueint                            0x200000a4   Data           2  wp_globle.o(.data)
    positionvalue                            0x200000a6   Data           6  wp_globle.o(.data)
    sendtemp                                 0x200000ac   Data           8  wp_globle.o(.data)
    keyvalue                                 0x200000b4   Data           1  wp_globle.o(.data)
    key_up                                   0x200000b8   Data           8  wp_globle.o(.data)
    key_down                                 0x200000c0   Data           8  wp_globle.o(.data)
    key_back                                 0x200000c8   Data           8  wp_globle.o(.data)
    key_ok                                   0x200000d0   Data           8  wp_globle.o(.data)
    gpioinputvalue                           0x200000d8   Data           1  wp_globle.o(.data)
    gpiooutputvalue                          0x200000d9   Data           1  wp_globle.o(.data)
    blename                                  0x200000dc   Data           4  wp_globle.o(.data)
    oled_x                                   0x200000e0   Data           1  wp_globle.o(.data)
    oled_y                                   0x200000e1   Data           1  wp_globle.o(.data)
    exflashid                                0x200000e2   Data           2  wp_globle.o(.data)
    type_conv                                0x200000f4   Data           4  wp_mpu6050.o(.data)
    g_UP_PWMDutyTime                         0x20000106   Data           8  wp_pwm.o(.data)
    g_UP_bPWM_L                              0x2000010e   Data           4  wp_pwm.o(.data)
    g_UP_PWMCCRVal_H                         0x20000112   Data           8  wp_pwm.o(.data)
    g_UP_PWMCCRVal_L                         0x2000011a   Data           8  wp_pwm.o(.data)
    g_UP_bPWMMode                            0x20000122   Data           4  wp_pwm.o(.data)
    g_UP_PWMIOVal                            0x20000126   Data           4  wp_pwm.o(.data)
    g_UP_TimerCCRVal_L16                     0x20000142   Data           8  wp_timer.o(.data)
    g_UP_TimerCCRVal_H16                     0x2000014a   Data           8  wp_timer.o(.data)
    g_UP_TempCCRVal_L16                      0x20000152   Data           8  wp_timer.o(.data)
    g_UP_TempCCRVal_H16                      0x2000015a   Data           8  wp_timer.o(.data)
    __microlib_freelist                      0x20000164   Data           4  mvars.o(.data)
    __microlib_freelist_initialised          0x20000168   Data           4  mvars.o(.data)
    Distance                                 0x20000180   Data          16  main.o(.bss)
    str_rx_buffer                            0x200001a0   Data          16  queue.o(.bss)
    ble_rx_buffer                            0x200001b0   Data          16  queue.o(.bss)
    motor_rx_buffer                          0x200001c0   Data          16  queue.o(.bss)
    g_ADValue                                0x200001d0   Data          32  wp_globle.o(.bss)
    analogvalue                              0x200001f0   Data          60  wp_globle.o(.bss)
    powertemp                                0x2000022c   Data          64  wp_globle.o(.bss)
    receivebuf                               0x2000026c   Data          20  wp_globle.o(.bss)
    luxvalue                                 0x20000280   Data          12  wp_globle.o(.bss)
    grayscaleSensor                          0x2000028c   Data          24  wp_globle.o(.bss)
    infrareddistance                         0x200002a4   Data          16  wp_globle.o(.bss)
    motorspeedbuffer                         0x200002b4   Data          16  wp_globle.o(.bss)
    str_motor_cmd                            0x200002c4   Data          40  wp_motor.o(.bss)
    str_motor_reply                          0x200002ec   Data          40  wp_motor.o(.bss)
    motor_data                               0x20000314   Data          48  wp_motor.o(.bss)
    wp_dmp_data                              0x20000354   Data          48  wp_mpu6050.o(.bss)
    g_UP_PWMFrequency                        0x20000384   Data          16  wp_pwm.o(.bss)
    g_UP_iTimerTime                          0x20000394   Data          16  wp_timer.o(.bss)
    __heap_base                              0x200003a8   Data           0  startup_stm32f10x_hd.o(HEAP)
    __heap_limit                             0x200005a8   Data           0  startup_stm32f10x_hd.o(HEAP)
    __initial_sp                             0x200009a8   Data           0  startup_stm32f10x_hd.o(STACK)



==============================================================================

Memory Map of the image

  Image Entry point : 0x08000131

  Load Region LR_IROM1 (Base: 0x08000000, Size: 0x0000b684, Max: 0x00040000, ABSOLUTE, COMPRESSED[0x0000b55c])

    Execution Region ER_IROM1 (Exec base: 0x08000000, Load base: 0x08000000, Size: 0x0000b514, Max: 0x00040000, ABSOLUTE)

    Exec Addr    Load Addr    Size         Type   Attr      Idx    E Section Name        Object

    0x08000000   0x08000000   0x00000130   Data   RO         1001    RESET               startup_stm32f10x_hd.o
    0x08000130   0x08000130   0x00000000   Code   RO         1024  * .ARM.Collect$$$$00000000  mc_w.l(entry.o)
    0x08000130   0x08000130   0x00000004   Code   RO         1132    .ARM.Collect$$$$00000001  mc_w.l(entry2.o)
    0x08000134   0x08000134   0x00000004   Code   RO         1135    .ARM.Collect$$$$00000004  mc_w.l(entry5.o)
    0x08000138   0x08000138   0x00000000   Code   RO         1137    .ARM.Collect$$$$00000008  mc_w.l(entry7b.o)
    0x08000138   0x08000138   0x00000000   Code   RO         1139    .ARM.Collect$$$$0000000A  mc_w.l(entry8b.o)
    0x08000138   0x08000138   0x00000008   Code   RO         1140    .ARM.Collect$$$$0000000B  mc_w.l(entry9a.o)
    0x08000140   0x08000140   0x00000004   Code   RO         1147    .ARM.Collect$$$$0000000E  mc_w.l(entry12b.o)
    0x08000144   0x08000144   0x00000000   Code   RO         1142    .ARM.Collect$$$$0000000F  mc_w.l(entry10a.o)
    0x08000144   0x08000144   0x00000000   Code   RO         1144    .ARM.Collect$$$$00000011  mc_w.l(entry11a.o)
    0x08000144   0x08000144   0x00000004   Code   RO         1133    .ARM.Collect$$$$00002712  mc_w.l(entry2.o)
    0x08000148   0x08000148   0x000001cc   Code   RO           17    .text               main.o
    0x08000314   0x08000314   0x000000dc   Code   RO          172    .text               misc.o
    0x080003f0   0x080003f0   0x0000044e   Code   RO          184    .text               stm32f10x_adc.o
    0x0800083e   0x0800083e   0x00000002   PAD
    0x08000840   0x08000840   0x00000254   Code   RO          286    .text               stm32f10x_dma.o
    0x08000a94   0x08000a94   0x0000011c   Code   RO          298    .text               stm32f10x_exti.o
    0x08000bb0   0x08000bb0   0x0000035c   Code   RO          337    .text               stm32f10x_gpio.o
    0x08000f0c   0x08000f0c   0x000003a4   Code   RO          394    .text               stm32f10x_rcc.o
    0x080012b0   0x080012b0   0x00000e1a   Code   RO          450    .text               stm32f10x_tim.o
    0x080020ca   0x080020ca   0x00000002   PAD
    0x080020cc   0x080020cc   0x00000408   Code   RO          462    .text               stm32f10x_usart.o
    0x080024d4   0x080024d4   0x000001e0   Code   RO          489    .text               system_stm32f10x.o
    0x080026b4   0x080026b4   0x00001e98   Code   RO          526    .text               inv_mpu.o
    0x0800454c   0x0800454c   0x00000d70   Code   RO          583    .text               inv_mpu_dmp_motion_driver.o
    0x080052bc   0x080052bc   0x000000ce   Code   RO          611    .text               queue.o
    0x0800538a   0x0800538a   0x00000286   Code   RO          636    .text               stdlib.o
    0x08005610   0x08005610   0x000006dc   Code   RO          669    .text               wp_adc.o
    0x08005cec   0x08005cec   0x000000c0   Code   RO          685    .text               wp_ble.o
    0x08005dac   0x08005dac   0x000000cc   Code   RO          749    .text               wp_globle.o
    0x08005e78   0x08005e78   0x000003f4   Code   RO          770    .text               wp_gpio.o
    0x0800626c   0x0800626c   0x00000384   Code   RO          801    .text               wp_iic.o
    0x080065f0   0x080065f0   0x00000308   Code   RO          813    .text               wp_it.o
    0x080068f8   0x080068f8   0x00000188   Code   RO          849    .text               wp_key.o
    0x08006a80   0x08006a80   0x00000388   Code   RO          862    .text               wp_motor.o
    0x08006e08   0x08006e08   0x000003e8   Code   RO          881    .text               wp_mpu6050.o
    0x080071f0   0x080071f0   0x000000bc   Code   RO          900    .text               wp_nvic.o
    0x080072ac   0x080072ac   0x00000a90   Code   RO          912    .text               wp_oled.o
    0x08007d3c   0x08007d3c   0x000003c8   Code   RO          928    .text               wp_pwm.o
    0x08008104   0x08008104   0x00000318   Code   RO          944    .text               wp_sys.o
    0x0800841c   0x0800841c   0x000004b8   Code   RO          967    .text               wp_timer.o
    0x080088d4   0x080088d4   0x000002bc   Code   RO          987    .text               wp_uart.o
    0x08008b90   0x08008b90   0x00000024   Code   RO         1002    .text               startup_stm32f10x_hd.o
    0x08008bb4   0x08008bb4   0x00000062   Code   RO         1027    .text               mc_w.l(ldiv.o)
    0x08008c16   0x08008c16   0x00000024   Code   RO         1029    .text               mc_w.l(memseta.o)
    0x08008c3a   0x08008c3a   0x0000001a   Code   RO         1031    .text               mc_w.l(memcmp.o)
    0x08008c54   0x08008c54   0x000000b0   Code   RO         1061    .text               mf_w.l(fadd.o)
    0x08008d04   0x08008d04   0x00000064   Code   RO         1063    .text               mf_w.l(fmul.o)
    0x08008d68   0x08008d68   0x0000007c   Code   RO         1065    .text               mf_w.l(fdiv.o)
    0x08008de4   0x08008de4   0x0000014e   Code   RO         1067    .text               mf_w.l(dadd.o)
    0x08008f32   0x08008f32   0x000000e4   Code   RO         1069    .text               mf_w.l(dmul.o)
    0x08009016   0x08009016   0x000000de   Code   RO         1071    .text               mf_w.l(ddiv.o)
    0x080090f4   0x080090f4   0x00000012   Code   RO         1073    .text               mf_w.l(fflti.o)
    0x08009106   0x08009106   0x0000000a   Code   RO         1075    .text               mf_w.l(ffltui.o)
    0x08009110   0x08009110   0x00000032   Code   RO         1077    .text               mf_w.l(ffixi.o)
    0x08009142   0x08009142   0x00000028   Code   RO         1079    .text               mf_w.l(ffixui.o)
    0x0800916a   0x0800916a   0x00000032   Code   RO         1081    .text               mf_w.l(dfixui.o)
    0x0800919c   0x0800919c   0x00000026   Code   RO         1083    .text               mf_w.l(f2d.o)
    0x080091c2   0x080091c2   0x00000002   PAD
    0x080091c4   0x080091c4   0x00000030   Code   RO         1085    .text               mf_w.l(cdcmple.o)
    0x080091f4   0x080091f4   0x00000030   Code   RO         1087    .text               mf_w.l(cdrcmple.o)
    0x08009224   0x08009224   0x00000038   Code   RO         1089    .text               mf_w.l(d2f.o)
    0x0800925c   0x0800925c   0x00000014   Code   RO         1091    .text               mf_w.l(cfcmple.o)
    0x08009270   0x08009270   0x00000014   Code   RO         1093    .text               mf_w.l(cfrcmple.o)
    0x08009284   0x08009284   0x00000062   Code   RO         1148    .text               mc_w.l(uldiv.o)
    0x080092e6   0x080092e6   0x0000001e   Code   RO         1150    .text               mc_w.l(llshl.o)
    0x08009304   0x08009304   0x00000020   Code   RO         1152    .text               mc_w.l(llushr.o)
    0x08009324   0x08009324   0x00000024   Code   RO         1154    .text               mc_w.l(llsshr.o)
    0x08009348   0x08009348   0x00000000   Code   RO         1169    .text               mc_w.l(iusefp.o)
    0x08009348   0x08009348   0x0000006e   Code   RO         1170    .text               mf_w.l(fepilogue.o)
    0x080093b6   0x080093b6   0x000000ba   Code   RO         1172    .text               mf_w.l(depilogue.o)
    0x08009470   0x08009470   0x0000002e   Code   RO         1174    .text               mf_w.l(dscalb.o)
    0x0800949e   0x0800949e   0x00000002   PAD
    0x080094a0   0x080094a0   0x00000024   Code   RO         1176    .text               mc_w.l(init.o)
    0x080094c4   0x080094c4   0x000000a2   Code   RO         1178    .text               mf_w.l(dsqrt.o)
    0x08009566   0x08009566   0x00000056   Code   RO         1188    .text               mc_w.l(__dczerorl2.o)
    0x080095bc   0x080095bc   0x00000028   Code   RO         1119    i.__ARM_fpclassify  m_ws.l(fpclassify.o)
    0x080095e4   0x080095e4   0x000000aa   Code   RO         1121    i.__kernel_poly     m_ws.l(poly.o)
    0x0800968e   0x0800968e   0x00000006   Code   RO         1106    i.__mathlib_dbl_infnan  m_ws.l(dunder.o)
    0x08009694   0x08009694   0x00000004   Code   RO         1107    i.__mathlib_dbl_infnan2  m_ws.l(dunder.o)
    0x08009698   0x08009698   0x0000000c   Code   RO         1108    i.__mathlib_dbl_invalid  m_ws.l(dunder.o)
    0x080096a4   0x080096a4   0x00000010   Code   RO         1111    i.__mathlib_dbl_underflow  m_ws.l(dunder.o)
    0x080096b4   0x080096b4   0x0000000e   Code   RO         1182    i.__scatterload_copy  mc_w.l(handlers.o)
    0x080096c2   0x080096c2   0x00000002   Code   RO         1183    i.__scatterload_null  mc_w.l(handlers.o)
    0x080096c4   0x080096c4   0x0000000e   Code   RO         1184    i.__scatterload_zeroinit  mc_w.l(handlers.o)
    0x080096d2   0x080096d2   0x00000002   PAD
    0x080096d4   0x080096d4   0x0000000c   Code   RO         1164    i.__set_errno       mc_w.l(errno.o)
    0x080096e0   0x080096e0   0x00000270   Code   RO         1007    i.asin              m_ws.l(asin.o)
    0x08009950   0x08009950   0x00000220   Code   RO         1096    i.atan              m_ws.l(atan.o)
    0x08009b70   0x08009b70   0x0000019c   Code   RO         1017    i.atan2             m_ws.l(atan2.o)
    0x08009d0c   0x08009d0c   0x0000006c   Code   RO         1034    i.malloc            mc_w.l(malloc.o)
    0x08009d78   0x08009d78   0x0000004c   Code   RO         1125    i.sqrt              m_ws.l(sqrt.o)
    0x08009dc4   0x08009dc4   0x00000050   Data   RO          527    .constdata          inv_mpu.o
    0x08009e14   0x08009e14   0x00000bf6   Data   RO          585    .constdata          inv_mpu_dmp_motion_driver.o
    0x0800aa0a   0x0800aa0a   0x00000998   Data   RO          913    .constdata          wp_oled.o
    0x0800b3a2   0x0800b3a2   0x00000006   PAD
    0x0800b3a8   0x0800b3a8   0x00000050   Data   RO         1008    .constdata          m_ws.l(asin.o)
    0x0800b3f8   0x0800b3f8   0x00000098   Data   RO         1097    .constdata          m_ws.l(atan.o)
    0x0800b490   0x0800b490   0x00000008   Data   RO         1123    .constdata          m_ws.l(qnan.o)
    0x0800b498   0x0800b498   0x0000004d   Data   RO          528    .conststring        inv_mpu.o
    0x0800b4e5   0x0800b4e5   0x00000003   PAD
    0x0800b4e8   0x0800b4e8   0x00000009   Data   RO          751    .conststring        wp_globle.o
    0x0800b4f1   0x0800b4f1   0x00000003   PAD
    0x0800b4f4   0x0800b4f4   0x00000020   Data   RO         1180    Region$$Table       anon$$obj.o


    Execution Region RW_IRAM1 (Exec base: 0x20000000, Load base: 0x0800b514, Size: 0x000009a8, Max: 0x0000c000, ABSOLUTE, COMPRESSED[0x00000048])

    Exec Addr    Load Addr    Size         Type   Attr      Idx    E Section Name        Object

    0x20000000   COMPRESSED   0x0000001c   Data   RW           19    .data               main.o
    0x2000001c   COMPRESSED   0x00000014   Data   RW          395    .data               stm32f10x_rcc.o
    0x20000030   COMPRESSED   0x00000014   Data   RW          490    .data               system_stm32f10x.o
    0x20000044   COMPRESSED   0x0000002c   Data   RW          529    .data               inv_mpu.o
    0x20000070   COMPRESSED   0x00000001   Data   RW          670    .data               wp_adc.o
    0x20000071   COMPRESSED   0x00000003   PAD
    0x20000074   COMPRESSED   0x00000070   Data   RW          752    .data               wp_globle.o
    0x200000e4   COMPRESSED   0x00000002   Data   RW          771    .data               wp_gpio.o
    0x200000e6   COMPRESSED   0x00000001   Data   RW          864    .data               wp_motor.o
    0x200000e7   COMPRESSED   0x00000001   PAD
    0x200000e8   COMPRESSED   0x00000010   Data   RW          883    .data               wp_mpu6050.o
    0x200000f8   COMPRESSED   0x0000000e   Data   RW          914    .data               wp_oled.o
    0x20000106   COMPRESSED   0x00000024   Data   RW          930    .data               wp_pwm.o
    0x2000012a   COMPRESSED   0x00000002   PAD
    0x2000012c   COMPRESSED   0x00000016   Data   RW          946    .data               wp_sys.o
    0x20000142   COMPRESSED   0x00000020   Data   RW          969    .data               wp_timer.o
    0x20000162   COMPRESSED   0x00000002   PAD
    0x20000164   COMPRESSED   0x00000004   Data   RW         1160    .data               mc_w.l(mvars.o)
    0x20000168   COMPRESSED   0x00000004   Data   RW         1161    .data               mc_w.l(mvars.o)
    0x2000016c   COMPRESSED   0x00000004   Data   RW         1165    .data               mc_w.l(errno.o)
    0x20000170        -       0x00000020   Zero   RW           18    .bss                main.o
    0x20000190        -       0x00000010   Zero   RW          584    .bss                inv_mpu_dmp_motion_driver.o
    0x200001a0        -       0x00000030   Zero   RW          612    .bss                queue.o
    0x200001d0        -       0x000000f4   Zero   RW          750    .bss                wp_globle.o
    0x200002c4        -       0x00000080   Zero   RW          863    .bss                wp_motor.o
    0x20000344        -       0x00000040   Zero   RW          882    .bss                wp_mpu6050.o
    0x20000384        -       0x00000010   Zero   RW          929    .bss                wp_pwm.o
    0x20000394        -       0x00000010   Zero   RW          968    .bss                wp_timer.o
    0x200003a4   COMPRESSED   0x00000004   PAD
    0x200003a8        -       0x00000200   Zero   RW         1000    HEAP                startup_stm32f10x_hd.o
    0x200005a8        -       0x00000400   Zero   RW          999    STACK               startup_stm32f10x_hd.o


==============================================================================

Image component sizes


      Code (inc. data)   RO Data    RW Data    ZI Data      Debug   Object Name

         0          0          0          0          0       4540   core_cm3.o
      7832        174        157         44          0      26596   inv_mpu.o
      3440        126       3062          0         16      15367   inv_mpu_dmp_motion_driver.o
       460         44          0         28         32     271670   main.o
       220         22          0          0          0       1865   misc.o
       206          0          0          0         48       3021   queue.o
        36          8        304          0       1536        884   startup_stm32f10x_hd.o
       646          0          0          0          0       5047   stdlib.o
      1102         26          0          0          0      11105   stm32f10x_adc.o
       596          8          0          0          0       4426   stm32f10x_dma.o
       284         10          0          0          0       2323   stm32f10x_exti.o
       860         38          0          0          0       5797   stm32f10x_gpio.o
       932         36          0         20          0       8980   stm32f10x_rcc.o
      3610         88          0          0          0      22908   stm32f10x_tim.o
      1032         22          0          0          0       8524   stm32f10x_usart.o
       480         38          0         20          0       1975   system_stm32f10x.o
      1756        190          0          1          0       4083   wp_adc.o
       192         36          0          0          0       1416   wp_ble.o
       204          6          9        112        244       4205   wp_globle.o
      1012         24          0          2          0       2850   wp_gpio.o
       900          6          0          0          0       4167   wp_iic.o
       776         38          0          0          0       5345   wp_it.o
       392         36          0          0          0       2485   wp_key.o
       904         38          0          1        128       5077   wp_motor.o
      1000         20          0         16         64       4602   wp_mpu6050.o
       188          0          0          0          0        596   wp_nvic.o
      2704         64       2456         14          0       8822   wp_oled.o
       968         40          0         36         16       3147   wp_pwm.o
       792         96          0         22          0      16990   wp_sys.o
      1208         38          0         32         16       3753   wp_timer.o
       700         40          0          0          0       3697   wp_uart.o

    ----------------------------------------------------------------------
     35436       1312       6032        356       2104     466263   Object Totals
         0          0         32          0          0          0   (incl. Generated)
         4          0         12          8          4          0   (incl. Padding)

    ----------------------------------------------------------------------

      Code (inc. data)   RO Data    RW Data    ZI Data      Debug   Library Member Name

       624         52         80          0          0        168   asin.o
       544         70        152          0          0        124   atan.o
       412         38          0          0          0        144   atan2.o
        38          6          0          0          0        272   dunder.o
        40          0          0          0          0         68   fpclassify.o
       170          0          0          0          0         96   poly.o
         0          0          8          0          0          0   qnan.o
        76          0          0          0          0         84   sqrt.o
        86          0          0          0          0          0   __dczerorl2.o
         0          0          0          0          0          0   entry.o
         0          0          0          0          0          0   entry10a.o
         0          0          0          0          0          0   entry11a.o
         4          0          0          0          0          0   entry12b.o
         8          4          0          0          0          0   entry2.o
         4          0          0          0          0          0   entry5.o
         0          0          0          0          0          0   entry7b.o
         0          0          0          0          0          0   entry8b.o
         8          4          0          0          0          0   entry9a.o
        12          6          0          4          0         68   errno.o
        30          0          0          0          0          0   handlers.o
        36          8          0          0          0         68   init.o
         0          0          0          0          0          0   iusefp.o
        98          0          0          0          0         84   ldiv.o
        30          0          0          0          0         68   llshl.o
        36          0          0          0          0         68   llsshr.o
        32          0          0          0          0         68   llushr.o
       108         16          0          0          0         84   malloc.o
        26          0          0          0          0         80   memcmp.o
        36          0          0          0          0        108   memseta.o
         0          0          0          8          0          0   mvars.o
        98          0          0          0          0         92   uldiv.o
        48          0          0          0          0         68   cdcmple.o
        48          0          0          0          0         68   cdrcmple.o
        20          0          0          0          0         68   cfcmple.o
        20          0          0          0          0         68   cfrcmple.o
        56          0          0          0          0         88   d2f.o
       334          0          0          0          0        148   dadd.o
       222          0          0          0          0        100   ddiv.o
       186          0          0          0          0        176   depilogue.o
        50          0          0          0          0         76   dfixui.o
       228          0          0          0          0         96   dmul.o
        46          0          0          0          0         80   dscalb.o
       162          0          0          0          0        100   dsqrt.o
        38          0          0          0          0         68   f2d.o
       176          0          0          0          0        140   fadd.o
       124          0          0          0          0         88   fdiv.o
       110          0          0          0          0        168   fepilogue.o
        50          0          0          0          0         68   ffixi.o
        40          0          0          0          0         68   ffixui.o
        18          0          0          0          0         68   fflti.o
        10          0          0          0          0         68   ffltui.o
       100          0          0          0          0         76   fmul.o

    ----------------------------------------------------------------------
      4648        204        240         12          0       3692   Library Totals
         6          0          0          0          0          0   (incl. Padding)

    ----------------------------------------------------------------------

      Code (inc. data)   RO Data    RW Data    ZI Data      Debug   Library Name

      1904        166        240          0          0        956   m_ws.l
       652         38          0         12          0        788   mc_w.l
      2086          0          0          0          0       1948   mf_w.l

    ----------------------------------------------------------------------
      4648        204        240         12          0       3692   Library Totals

    ----------------------------------------------------------------------

==============================================================================


      Code (inc. data)   RO Data    RW Data    ZI Data      Debug   

     40084       1516       6272        368       2104     464935   Grand Totals
     40084       1516       6272         72       2104     464935   ELF Image Totals (compressed)
     40084       1516       6272         72          0          0   ROM Totals

==============================================================================

    Total RO  Size (Code + RO Data)                46356 (  45.27kB)
    Total RW  Size (RW Data + ZI Data)              2472 (   2.41kB)
    Total ROM Size (Code + RO Data + RW Data)      46428 (  45.34kB)

==============================================================================

